 npUnity3D64

 Timestamp is 55757b8f (Mon Jun 08 13:25:03 2015)

 Preferred load address is 0000000180000000

 Start         Length     Name                   Class
 0001:00000000 0004a5a6H .text                   CODE
 0001:0004a5b0 00000d32H .text$x                 CODE
 0001:0004b2e4 00000424H .text$yc                CODE
 0001:0004b708 0000010eH .text$yd                CODE
 0002:00000000 000008a0H .idata$5                DATA
 0002:000008a0 00000008H .CRT$XCA                DATA
 0002:000008a8 00000060H .CRT$XCU                DATA
 0002:00000908 00000008H .CRT$XCZ                DATA
 0002:00000910 00000008H .CRT$XIA                DATA
 0002:00000918 00000018H .CRT$XIC                DATA
 0002:00000930 00000008H .CRT$XIZ                DATA
 0002:00000938 00000008H .CRT$XPA                DATA
 0002:00000940 00000008H .CRT$XPX                DATA
 0002:00000948 00000008H .CRT$XPXA               DATA
 0002:00000950 00000008H .CRT$XPZ                DATA
 0002:00000958 00000008H .CRT$XTA                DATA
 0002:00000960 00000008H .CRT$XTZ                DATA
 0002:00000970 00015f84H .rdata                  DATA
 0002:000168f4 00000066H .rdata$debug            DATA
 0002:00016960 0000037cH .rdata$r                DATA
 0002:00016ce0 00000008H .rtc$IAA                DATA
 0002:00016ce8 00000008H .rtc$IZZ                DATA
 0002:00016cf0 00000008H .rtc$TAA                DATA
 0002:00016cf8 00000008H .rtc$TZZ                DATA
 0002:00016d00 00003414H .xdata                  DATA
 0002:0001a118 000001dcH .xdata$x                DATA
 0002:0001a2f4 000000c8H .idata$2                DATA
 0002:0001a3bc 00000014H .idata$3                DATA
 0002:0001a3d0 000008a0H .idata$4                DATA
 0002:0001ac70 000012e6H .idata$6                DATA
 0002:0001bf60 00000099H .edata                  DATA
 0003:00000000 00001d34H .data                   DATA
 0003:00001d40 00004810H .bss                    DATA
 0004:00000000 00002d18H .pdata                  DATA
 0005:00000000 00000bb1H text                    DATA
 0006:00000000 000027d0H data                    DATA
 0007:00000000 000003b0H .rsrc$01                DATA
 0007:000003b0 0008a4f8H .rsrc$02                DATA

  Address         Publics by Value              Rva+Base               Lib:Object

 0000:00000000       ___safe_se_handler_count   0000000000000000     <absolute>
 0000:00000000       ___safe_se_handler_table   0000000000000000     <absolute>
 0000:00000000       __ImageBase                0000000180000000     <linker-defined>
 0001:00000000       ??1bad_alloc@std@@UEAA@XZ  0000000180001000 f i DownloadManager.obj
 0001:00000010       ??_Gbad_alloc@std@@UEAAPEAXI@Z 0000000180001010 f i DownloadManager.obj
 0001:00000010       ??_Ebad_alloc@std@@UEAAPEAXI@Z 0000000180001010 f i  CIL library: CIL module
 0001:0000004c       ?StreamAsFile@nsPluginInstanceBase@@UEAAXPEAU_NPStream@@PEBD@Z 000000018000104c f i UnityWebPlayerPlugin.obj
 0001:0000004c       ?Print@nsPluginInstanceBase@@UEAAXPEAU_NPPrint@@@Z 000000018000104c f i UnityWebPlayerPlugin.obj
 0001:0000004c       ?Tick@Download@@UEAAXXZ    000000018000104c f i DownloadManager.obj
 0001:0000004c       ?Cancel@Download@@UEAAXXZ  000000018000104c f i DownloadManager.obj
 0001:0000004c       ?pluginInvalidate@@YAXPEAUNPObject@@@Z 000000018000104c f i NetscapeScriptablePlugin.obj
 0001:0000004c       ?UT_Uninstall@@YAXPEAUHWND__@@PEB_W11@Z 000000018000104c f i Uninstall.obj
 0001:00000050       ??0DownloaderNetscape@@QEAA@AEBV?$basic_string@DU?$char_traits@D@std@@V?$allocator@D@2@@std@@AEAVLogger@@PEAX@Z 0000000180001050 f i DownloadManager.obj
 0001:00000124       ?OnRedirectAuthorizationResponse@DownloaderNetscape@@UEAAX_N@Z 0000000180001124 f i DownloadManager.obj
 0001:000001d8       ?CancelDownload@@YAXPEAVDownload@@@Z 00000001800011d8 f   DownloadManager.obj
 0001:000002cc       ?RemoveDownload@@YAXPEAVDownloaderNetscape@@@Z 00000001800012cc f   DownloadManager.obj
 0001:00000300       ?_StartDownload@@YAPEAVDownload@@AEBV?$basic_string@DU?$char_traits@D@std@@V?$allocator@D@2@@std@@AEAVLogger@@PEAXPEBX_K34W4RedirectPolicy@1@@Z 0000000180001300 f   DownloadManager.obj
 0001:000004e8       ?extractNumber@@YAGAEBV?$basic_string@DU?$char_traits@D@std@@V?$allocator@D@2@@std@@AEA_K@Z 00000001800014e8 f   DownloadManager.obj
 0001:00000580       ?ParsePortList@CrossdomainPolicyEntry@@IEAA_NAEBV?$basic_string@DU?$char_traits@D@std@@V?$allocator@D@2@@std@@@Z 0000000180001580 f   DownloadManager.obj
 0001:000007b0       ?IsAllowed@CrossdomainPolicy@@QEBA_NAEBV?$basic_string@DU?$char_traits@D@std@@V?$allocator@D@2@@std@@0G@Z 00000001800017b0 f   DownloadManager.obj
 0001:00000984       ?ParsePolicyXML@CrossdomainPolicy@@QEAAXAEBV?$basic_string@DU?$char_traits@D@std@@V?$allocator@D@2@@std@@@Z 0000000180001984 f   DownloadManager.obj
 0001:00001050       ?DownloadCompleteCallback@@YAXPEAVDownload@@@Z 0000000180002050 f   DownloadManager.obj
 0001:00001078       ?GetURLParts@CrossdomainPolicyManager@@SA?AUURLParts@@AEBV?$basic_string@DU?$char_traits@D@std@@V?$allocator@D@2@@std@@@Z 0000000180002078 f   DownloadManager.obj
 0001:000013a4       ?GetRelevantDomain@CrossdomainPolicyManager@@SA?AV?$basic_string@DU?$char_traits@D@std@@V?$allocator@D@2@@std@@AEBUURLParts@@@Z 00000001800023a4 f   DownloadManager.obj
 0001:00001458       ?RequestAuthorization@CrossdomainPolicyManager@@QEAAXAEBV?$basic_string@DU?$char_traits@D@std@@V?$allocator@D@2@@std@@PEAVDownloaderNetscape@@@Z 0000000180002458 f   DownloadManager.obj
 0001:00001910       ?OnCrossdomainDownloadComplete@CrossdomainPolicyManager@@QEAAXPEAVDownload@@@Z 0000000180002910 f   DownloadManager.obj
 0001:00001d60       ??1CrossdomainPolicyManager@@QEAA@XZ 0000000180002d60 f   DownloadManager.obj
 0001:00001f74       ?AddPolicy@CrossdomainPolicyManager@@QEAAXPEAVCrossdomainPolicy@@@Z 0000000180002f74 f   DownloadManager.obj
 0001:00002178       ?GetCrossdomainXMLUrl@CrossdomainPolicyManager@@SA?AV?$basic_string@DU?$char_traits@D@std@@V?$allocator@D@2@@std@@AEBUURLParts@@@Z 0000000180003178 f   DownloadManager.obj
 0001:00002228       ?find_first_of@?$basic_string@DU?$char_traits@D@std@@V?$allocator@D@2@@std@@QEBA_KPEBD_K@Z 0000000180003228 f i DownloadManager.obj
 0001:000022d8       ?find_first_not_of@?$basic_string@DU?$char_traits@D@std@@V?$allocator@D@2@@std@@QEBA_KPEBD_K@Z 00000001800032d8 f i DownloadManager.obj
 0001:0000237c       ?compare@?$basic_string@DU?$char_traits@D@std@@V?$allocator@D@2@@std@@QEBAHPEBD@Z 000000018000337c f i DownloadManager.obj
 0001:000023f8       ?compare@?$basic_string@DU?$char_traits@D@std@@V?$allocator@D@2@@std@@QEBAH_K0PEBD@Z 00000001800033f8 f i DownloadManager.obj
 0001:00002498       ??0?$list@VPortRange@@V?$allocator@VPortRange@@@std@@@std@@QEAA@AEBV01@@Z 0000000180003498 f i DownloadManager.obj
 0001:00002534       ??1?$list@VCrossdomainPolicyEntry@@V?$allocator@VCrossdomainPolicyEntry@@@std@@@std@@QEAA@XZ 0000000180003534 f i DownloadManager.obj
 0001:000025ec       ?erase@?$_Tree@V?$_Tmap_traits@V?$basic_string@DU?$char_traits@D@std@@V?$allocator@D@2@@std@@V?$list@PEAVDownloaderNetscape@@V?$allocator@PEAVDownloaderNetscape@@@std@@@2@U?$less@V?$basic_string@DU?$char_traits@D@std@@V?$allocator@D@2@@std@@@2@V?$allocator@U?$pair@$$CBV?$basic_string@DU?$char_traits@D@std@@V?$allocator@D@2@@std@@V?$list@PEAVDownloaderNetscape@@V?$allocator@PEAVDownloaderNetscape@@@std@@@2@@std@@@2@$0A@@std@@@std@@QEAA?AV?$_Tree_iterator@V?$_Tree_val@V?$_Tmap_traits@V?$basic_string@DU?$char_traits@D@std@@V?$allocator@D@2@@std@@V?$list@PEAVDownloaderNetscape@@V?$allocator@PEAVDownloaderNetscape@@@std@@@2@U?$less@V?$basic_string@DU?$char_traits@D@std@@V?$allocator@D@2@@std@@@2@V?$allocator@U?$pair@$$CBV?$basic_string@DU?$char_traits@D@std@@V?$allocator@D@2@@std@@V?$list@PEAVDownloaderNetscape@@V?$allocator@PEAVDownloaderNetscape@@@std@@@2@@std@@@2@$0A@@std@@@std@@@2@V?$_Tree_const_iterator@V?$_Tree_val@V?$_Tmap_traits@V?$basic_string@DU?$char_traits@D@std@@V?$allocator@D@2@@std@@V?$list@PEAVDownloaderNetscape@@V?$allocator@PEAVDownloaderNetscape@@@std@@@2@U?$less@V?$basic_string@DU?$char_traits@D@std@@V?$allocator@D@2@@std@@@2@V?$allocator@U?$pair@$$CBV?$basic_string@DU?$char_traits@D@std@@V?$allocator@D@2@@std@@V?$list@PEAVDownloaderNetscape@@V?$allocator@PEAVDownloaderNetscape@@@std@@@2@@std@@@2@$0A@@std@@@std@@@2@@Z 00000001800035ec f i DownloadManager.obj
 0001:00002a90       ?clear@?$_Tree@V?$_Tmap_traits@V?$basic_string@DU?$char_traits@D@std@@V?$allocator@D@2@@std@@V?$list@PEAVDownloaderNetscape@@V?$allocator@PEAVDownloaderNetscape@@@std@@@2@U?$less@V?$basic_string@DU?$char_traits@D@std@@V?$allocator@D@2@@std@@@2@V?$allocator@U?$pair@$$CBV?$basic_string@DU?$char_traits@D@std@@V?$allocator@D@2@@std@@V?$list@PEAVDownloaderNetscape@@V?$allocator@PEAVDownloaderNetscape@@@std@@@2@@std@@@2@$0A@@std@@@std@@QEAAXXZ 0000000180003a90 f i DownloadManager.obj
 0001:00002b10       ?find@?$_Tree@V?$_Tmap_traits@V?$basic_string@DU?$char_traits@D@std@@V?$allocator@D@2@@std@@V?$list@PEAVDownloaderNetscape@@V?$allocator@PEAVDownloaderNetscape@@@std@@@2@U?$less@V?$basic_string@DU?$char_traits@D@std@@V?$allocator@D@2@@std@@@2@V?$allocator@U?$pair@$$CBV?$basic_string@DU?$char_traits@D@std@@V?$allocator@D@2@@std@@V?$list@PEAVDownloaderNetscape@@V?$allocator@PEAVDownloaderNetscape@@@std@@@2@@std@@@2@$0A@@std@@@std@@QEAA?AV?$_Tree_iterator@V?$_Tree_val@V?$_Tmap_traits@V?$basic_string@DU?$char_traits@D@std@@V?$allocator@D@2@@std@@V?$list@PEAVDownloaderNetscape@@V?$allocator@PEAVDownloaderNetscape@@@std@@@2@U?$less@V?$basic_string@DU?$char_traits@D@std@@V?$allocator@D@2@@std@@@2@V?$allocator@U?$pair@$$CBV?$basic_string@DU?$char_traits@D@std@@V?$allocator@D@2@@std@@V?$list@PEAVDownloaderNetscape@@V?$allocator@PEAVDownloaderNetscape@@@std@@@2@@std@@@2@$0A@@std@@@std@@@2@AEBV?$basic_string@DU?$char_traits@D@std@@V?$allocator@D@2@@2@@Z 0000000180003b10 f i DownloadManager.obj
 0001:00002c30       ?find@?$_Tree@V?$_Tmap_traits@V?$basic_string@DU?$char_traits@D@std@@V?$allocator@D@2@@std@@PEAVCrossdomainPolicy@@U?$less@V?$basic_string@DU?$char_traits@D@std@@V?$allocator@D@2@@std@@@2@V?$allocator@U?$pair@$$CBV?$basic_string@DU?$char_traits@D@std@@V?$allocator@D@2@@std@@PEAVCrossdomainPolicy@@@std@@@2@$0A@@std@@@std@@QEAA?AV?$_Tree_iterator@V?$_Tree_val@V?$_Tmap_traits@V?$basic_string@DU?$char_traits@D@std@@V?$allocator@D@2@@std@@PEAVCrossdomainPolicy@@U?$less@V?$basic_string@DU?$char_traits@D@std@@V?$allocator@D@2@@std@@@2@V?$allocator@U?$pair@$$CBV?$basic_string@DU?$char_traits@D@std@@V?$allocator@D@2@@std@@PEAVCrossdomainPolicy@@@std@@@2@$0A@@std@@@std@@@2@AEBV?$basic_string@DU?$char_traits@D@std@@V?$allocator@D@2@@2@@Z 0000000180003c30 f i DownloadManager.obj
 0001:00002d50       ?erase@?$_Tree@V?$_Tmap_traits@_KPEAVDownloaderNetscape@@U?$less@_K@std@@V?$allocator@U?$pair@$$CB_KPEAVDownloaderNetscape@@@std@@@3@$0A@@std@@@std@@QEAA_KAEB_K@Z 0000000180003d50 f i DownloadManager.obj
 0001:00002e28       ?erase@?$_Tree@V?$_Tmap_traits@PEAVDownload@@PEAU_NPStream@@U?$less@PEAVDownload@@@std@@V?$allocator@U?$pair@QEAVDownload@@PEAU_NPStream@@@std@@@4@$0A@@std@@@std@@QEAA_KAEBQEAVDownload@@@Z 0000000180003e28 f i DownloadManager.obj
 0001:00002f00       ?assign@?$basic_string@DU?$char_traits@D@std@@V?$allocator@D@2@@std@@QEAAAEAV12@$$QEAV12@@Z 0000000180003f00 f i DownloadManager.obj
 0001:00002f88       ?assign@?$basic_string@DU?$char_traits@D@std@@V?$allocator@D@2@@std@@QEAAAEAV12@AEBV12@_K1@Z 0000000180003f88 f i DownloadManager.obj
 0001:00003084       ?find@?$basic_string@DU?$char_traits@D@std@@V?$allocator@D@2@@std@@QEBA_KPEBD_K1@Z 0000000180004084 f i DownloadManager.obj
 0001:00003150       ?_Tidy@?$basic_string@DU?$char_traits@D@std@@V?$allocator@D@2@@std@@QEAAX_N_K@Z 0000000180004150 f i DownloadManager.obj
 0001:000031a8       ?_Erase@?$_Tree@V?$_Tmap_traits@V?$basic_string@DU?$char_traits@D@std@@V?$allocator@D@2@@std@@V?$list@PEAVDownloaderNetscape@@V?$allocator@PEAVDownloaderNetscape@@@std@@@2@U?$less@V?$basic_string@DU?$char_traits@D@std@@V?$allocator@D@2@@std@@@2@V?$allocator@U?$pair@$$CBV?$basic_string@DU?$char_traits@D@std@@V?$allocator@D@2@@std@@V?$list@PEAVDownloaderNetscape@@V?$allocator@PEAVDownloaderNetscape@@@std@@@2@@std@@@2@$0A@@std@@@std@@IEAAXPEAU_Node@?$_Tree_nod@V?$_Tmap_traits@V?$basic_string@DU?$char_traits@D@std@@V?$allocator@D@2@@std@@V?$list@PEAVDownloaderNetscape@@V?$allocator@PEAVDownloaderNetscape@@@std@@@2@U?$less@V?$basic_string@DU?$char_traits@D@std@@V?$allocator@D@2@@std@@@2@V?$allocator@U?$pair@$$CBV?$basic_string@DU?$char_traits@D@std@@V?$allocator@D@2@@std@@V?$list@PEAVDownloaderNetscape@@V?$allocator@PEAVDownloaderNetscape@@@std@@@2@@std@@@2@$0A@@std@@@2@@Z 00000001800041a8 f i DownloadManager.obj
 0001:00003200       ?_Erase@?$_Tree@V?$_Tmap_traits@V?$basic_string@DU?$char_traits@D@std@@V?$allocator@D@2@@std@@PEAVCrossdomainPolicy@@U?$less@V?$basic_string@DU?$char_traits@D@std@@V?$allocator@D@2@@std@@@2@V?$allocator@U?$pair@$$CBV?$basic_string@DU?$char_traits@D@std@@V?$allocator@D@2@@std@@PEAVCrossdomainPolicy@@@std@@@2@$0A@@std@@@std@@IEAAXPEAU_Node@?$_Tree_nod@V?$_Tmap_traits@V?$basic_string@DU?$char_traits@D@std@@V?$allocator@D@2@@std@@PEAVCrossdomainPolicy@@U?$less@V?$basic_string@DU?$char_traits@D@std@@V?$allocator@D@2@@std@@@2@V?$allocator@U?$pair@$$CBV?$basic_string@DU?$char_traits@D@std@@V?$allocator@D@2@@std@@PEAVCrossdomainPolicy@@@std@@@2@$0A@@std@@@2@@Z 0000000180004200 f i DownloadManager.obj
 0001:00003258       ?erase@?$_Tree@V?$_Tmap_traits@_KPEAVDownloaderNetscape@@U?$less@_K@std@@V?$allocator@U?$pair@$$CB_KPEAVDownloaderNetscape@@@std@@@3@$0A@@std@@@std@@QEAA?AV?$_Tree_iterator@V?$_Tree_val@V?$_Tmap_traits@_KPEAVDownloaderNetscape@@U?$less@_K@std@@V?$allocator@U?$pair@$$CB_KPEAVDownloaderNetscape@@@std@@@3@$0A@@std@@@std@@@2@V?$_Tree_const_iterator@V?$_Tree_val@V?$_Tmap_traits@_KPEAVDownloaderNetscape@@U?$less@_K@std@@V?$allocator@U?$pair@$$CB_KPEAVDownloaderNetscape@@@std@@@3@$0A@@std@@@std@@@2@0@Z 0000000180004258 f i DownloadManager.obj
 0001:0000335c       ?erase@?$_Tree@V?$_Tmap_traits@PEAVDownload@@PEAU_NPStream@@U?$less@PEAVDownload@@@std@@V?$allocator@U?$pair@QEAVDownload@@PEAU_NPStream@@@std@@@4@$0A@@std@@@std@@QEAA?AV?$_Tree_iterator@V?$_Tree_val@V?$_Tmap_traits@PEAVDownload@@PEAU_NPStream@@U?$less@PEAVDownload@@@std@@V?$allocator@U?$pair@QEAVDownload@@PEAU_NPStream@@@std@@@4@$0A@@std@@@std@@@2@V?$_Tree_const_iterator@V?$_Tree_val@V?$_Tmap_traits@PEAVDownload@@PEAU_NPStream@@U?$less@PEAVDownload@@@std@@V?$allocator@U?$pair@QEAVDownload@@PEAU_NPStream@@@std@@@4@$0A@@std@@@std@@@2@0@Z 000000018000435c f i DownloadManager.obj
 0001:00003460       ?append@?$basic_string@DU?$char_traits@D@std@@V?$allocator@D@2@@std@@QEAAAEAV12@AEBV12@_K1@Z 0000000180004460 f i DownloadManager.obj
 0001:00003574       ?append@?$basic_string@DU?$char_traits@D@std@@V?$allocator@D@2@@std@@QEAAAEAV12@PEBD_K@Z 0000000180004574 f i DownloadManager.obj
 0001:000036a0       ?assign@?$basic_string@DU?$char_traits@D@std@@V?$allocator@D@2@@std@@QEAAAEAV12@PEBD_K@Z 00000001800046a0 f i DownloadManager.obj
 0001:00003798       ?erase@?$basic_string@DU?$char_traits@D@std@@V?$allocator@D@2@@std@@QEAAAEAV12@_K0@Z 0000000180004798 f i DownloadManager.obj
 0001:00003828       ?_Grow@?$basic_string@DU?$char_traits@D@std@@V?$allocator@D@2@@std@@QEAA_N_K_N@Z 0000000180004828 f i DownloadManager.obj
 0001:000038f0       ?_Buynode@?$_List_val@VCrossdomainPolicyEntry@@V?$allocator@VCrossdomainPolicyEntry@@@std@@@std@@QEAAPEAU_Node@?$_List_nod@VCrossdomainPolicyEntry@@V?$allocator@VCrossdomainPolicyEntry@@@std@@@2@PEAU342@0AEBVCrossdomainPolicyEntry@@@Z 00000001800048f0 f i DownloadManager.obj
 0001:000039e4       ?erase@?$_Tree@V?$_Tmap_traits@_KPEAVDownloaderNetscape@@U?$less@_K@std@@V?$allocator@U?$pair@$$CB_KPEAVDownloaderNetscape@@@std@@@3@$0A@@std@@@std@@QEAA?AV?$_Tree_iterator@V?$_Tree_val@V?$_Tmap_traits@_KPEAVDownloaderNetscape@@U?$less@_K@std@@V?$allocator@U?$pair@$$CB_KPEAVDownloaderNetscape@@@std@@@3@$0A@@std@@@std@@@2@V?$_Tree_const_iterator@V?$_Tree_val@V?$_Tmap_traits@_KPEAVDownloaderNetscape@@U?$less@_K@std@@V?$allocator@U?$pair@$$CB_KPEAVDownloaderNetscape@@@std@@@3@$0A@@std@@@std@@@2@@Z 00000001800049e4 f i DownloadManager.obj
 0001:00003e9c       ?erase@?$_Tree@V?$_Tmap_traits@PEAVDownload@@PEAU_NPStream@@U?$less@PEAVDownload@@@std@@V?$allocator@U?$pair@QEAVDownload@@PEAU_NPStream@@@std@@@4@$0A@@std@@@std@@QEAA?AV?$_Tree_iterator@V?$_Tree_val@V?$_Tmap_traits@PEAVDownload@@PEAU_NPStream@@U?$less@PEAVDownload@@@std@@V?$allocator@U?$pair@QEAVDownload@@PEAU_NPStream@@@std@@@4@$0A@@std@@@std@@@2@V?$_Tree_const_iterator@V?$_Tree_val@V?$_Tmap_traits@PEAVDownload@@PEAU_NPStream@@U?$less@PEAVDownload@@@std@@V?$allocator@U?$pair@QEAVDownload@@PEAU_NPStream@@@std@@@4@$0A@@std@@@std@@@2@@Z 0000000180004e9c f i DownloadManager.obj
 0001:00004354       ?_Buynode@?$_List_val@PEAVDownloaderNetscape@@V?$allocator@PEAVDownloaderNetscape@@@std@@@std@@QEAAPEAU_Node@?$_List_nod@PEAVDownloaderNetscape@@V?$allocator@PEAVDownloaderNetscape@@@std@@@2@PEAU342@0AEBQEAVDownloaderNetscape@@@Z 0000000180005354 f i DownloadManager.obj
 0001:000043ec       ?_Copy@?$basic_string@DU?$char_traits@D@std@@V?$allocator@D@2@@std@@QEAAX_K0@Z 00000001800053ec f i DownloadManager.obj
 0001:0000452c       ??$insert@U?$pair@_KPEAVDownloaderNetscape@@@std@@@?$_Tree@V?$_Tmap_traits@_KPEAVDownloaderNetscape@@U?$less@_K@std@@V?$allocator@U?$pair@$$CB_KPEAVDownloaderNetscape@@@std@@@3@$0A@@std@@@std@@QEAA?AU?$pair@V?$_Tree_iterator@V?$_Tree_val@V?$_Tmap_traits@_KPEAVDownloaderNetscape@@U?$less@_K@std@@V?$allocator@U?$pair@$$CB_KPEAVDownloaderNetscape@@@std@@@3@$0A@@std@@@std@@@std@@_N@1@$$QEAU?$pair@_KPEAVDownloaderNetscape@@@1@@Z 000000018000552c f i DownloadManager.obj
 0001:00004618       ??$insert@U?$pair@PEAVDownloaderNetscape@@PEAU_NPStream@@@std@@@?$_Tree@V?$_Tmap_traits@PEAVDownload@@PEAU_NPStream@@U?$less@PEAVDownload@@@std@@V?$allocator@U?$pair@QEAVDownload@@PEAU_NPStream@@@std@@@4@$0A@@std@@@std@@QEAA?AU?$pair@V?$_Tree_iterator@V?$_Tree_val@V?$_Tmap_traits@PEAVDownload@@PEAU_NPStream@@U?$less@PEAVDownload@@@std@@V?$allocator@U?$pair@QEAVDownload@@PEAU_NPStream@@@std@@@4@$0A@@std@@@std@@@std@@_N@1@$$QEAU?$pair@PEAVDownloaderNetscape@@PEAU_NPStream@@@1@@Z 0000000180005618 f i DownloadManager.obj
 0001:00004704       ??$insert@U?$pair@$$CBV?$basic_string@DU?$char_traits@D@std@@V?$allocator@D@2@@std@@V?$list@PEAVDownloaderNetscape@@V?$allocator@PEAVDownloaderNetscape@@@std@@@2@@std@@@?$_Tree@V?$_Tmap_traits@V?$basic_string@DU?$char_traits@D@std@@V?$allocator@D@2@@std@@V?$list@PEAVDownloaderNetscape@@V?$allocator@PEAVDownloaderNetscape@@@std@@@2@U?$less@V?$basic_string@DU?$char_traits@D@std@@V?$allocator@D@2@@std@@@2@V?$allocator@U?$pair@$$CBV?$basic_string@DU?$char_traits@D@std@@V?$allocator@D@2@@std@@V?$list@PEAVDownloaderNetscape@@V?$allocator@PEAVDownloaderNetscape@@@std@@@2@@std@@@2@$0A@@std@@@std@@QEAA?AU?$pair@V?$_Tree_iterator@V?$_Tree_val@V?$_Tmap_traits@V?$basic_string@DU?$char_traits@D@std@@V?$allocator@D@2@@std@@V?$list@PEAVDownloaderNetscape@@V?$allocator@PEAVDownloaderNetscape@@@std@@@2@U?$less@V?$basic_string@DU?$char_traits@D@std@@V?$allocator@D@2@@std@@@2@V?$allocator@U?$pair@$$CBV?$basic_string@DU?$char_traits@D@std@@V?$allocator@D@2@@std@@V?$list@PEAVDownloaderNetscape@@V?$allocator@PEAVDownloaderNetscape@@@std@@@2@@std@@@2@$0A@@std@@@std@@@std@@_N@1@$$QEAU?$pair@$$CBV?$basic_string@DU?$char_traits@D@std@@V?$allocator@D@2@@std@@V?$list@PEAVDownloaderNetscape@@V?$allocator@PEAVDownloaderNetscape@@@std@@@2@@1@@Z 0000000180005704 f i DownloadManager.obj
 0001:000048ec       ??$_Dest_val@V?$allocator@U?$pair@$$CBV?$basic_string@DU?$char_traits@D@std@@V?$allocator@D@2@@std@@V?$list@PEAVDownloaderNetscape@@V?$allocator@PEAVDownloaderNetscape@@@std@@@2@@std@@@std@@U?$pair@$$CBV?$basic_string@DU?$char_traits@D@std@@V?$allocator@D@2@@std@@V?$list@PEAVDownloaderNetscape@@V?$allocator@PEAVDownloaderNetscape@@@std@@@2@@2@@std@@YAXAEAV?$allocator@U?$pair@$$CBV?$basic_string@DU?$char_traits@D@std@@V?$allocator@D@2@@std@@V?$list@PEAVDownloaderNetscape@@V?$allocator@PEAVDownloaderNetscape@@@std@@@2@@std@@@0@PEAU?$pair@$$CBV?$basic_string@DU?$char_traits@D@std@@V?$allocator@D@2@@std@@V?$list@PEAVDownloaderNetscape@@V?$allocator@PEAVDownloaderNetscape@@@std@@@2@@0@@Z 00000001800058ec f i DownloadManager.obj
 0001:0000495c       ??$_Dest_val@V?$allocator@U?$pair@$$CBV?$basic_string@DU?$char_traits@D@std@@V?$allocator@D@2@@std@@PEAVCrossdomainPolicy@@@std@@@std@@U?$pair@$$CBV?$basic_string@DU?$char_traits@D@std@@V?$allocator@D@2@@std@@PEAVCrossdomainPolicy@@@2@@std@@YAXAEAV?$allocator@U?$pair@$$CBV?$basic_string@DU?$char_traits@D@std@@V?$allocator@D@2@@std@@PEAVCrossdomainPolicy@@@std@@@0@PEAU?$pair@$$CBV?$basic_string@DU?$char_traits@D@std@@V?$allocator@D@2@@std@@PEAVCrossdomainPolicy@@@0@@Z 000000018000595c f i DownloadManager.obj
 0001:0000495c       ??$_Dest_val@V?$allocator@V?$basic_string@DU?$char_traits@D@std@@V?$allocator@D@2@@std@@@std@@V?$basic_string@DU?$char_traits@D@std@@V?$allocator@D@2@@2@@std@@YAXAEAV?$allocator@V?$basic_string@DU?$char_traits@D@std@@V?$allocator@D@2@@std@@@0@PEAV?$basic_string@DU?$char_traits@D@std@@V?$allocator@D@2@@0@@Z 000000018000595c f i WebCommonLib:RevisionsQuery.obj
 0001:0000498c       ??0bad_alloc@std@@QEAA@AEBV01@@Z 000000018000598c f i DownloadManager.obj
 0001:000049b0       ?_Insert@?$_Tree@V?$_Tmap_traits@V?$basic_string@DU?$char_traits@D@std@@V?$allocator@D@2@@std@@V?$list@PEAVDownloaderNetscape@@V?$allocator@PEAVDownloaderNetscape@@@std@@@2@U?$less@V?$basic_string@DU?$char_traits@D@std@@V?$allocator@D@2@@std@@@2@V?$allocator@U?$pair@$$CBV?$basic_string@DU?$char_traits@D@std@@V?$allocator@D@2@@std@@V?$list@PEAVDownloaderNetscape@@V?$allocator@PEAVDownloaderNetscape@@@std@@@2@@std@@@2@$0A@@std@@@std@@IEAA?AV?$_Tree_iterator@V?$_Tree_val@V?$_Tmap_traits@V?$basic_string@DU?$char_traits@D@std@@V?$allocator@D@2@@std@@V?$list@PEAVDownloaderNetscape@@V?$allocator@PEAVDownloaderNetscape@@@std@@@2@U?$less@V?$basic_string@DU?$char_traits@D@std@@V?$allocator@D@2@@std@@@2@V?$allocator@U?$pair@$$CBV?$basic_string@DU?$char_traits@D@std@@V?$allocator@D@2@@std@@V?$list@PEAVDownloaderNetscape@@V?$allocator@PEAVDownloaderNetscape@@@std@@@2@@std@@@2@$0A@@std@@@std@@@2@_NPEAU_Node@?$_Tree_nod@V?$_Tmap_traits@V?$basic_string@DU?$char_traits@D@std@@V?$allocator@D@2@@std@@V?$list@PEAVDownloaderNetscape@@V?$allocator@PEAVDownloaderNetscape@@@std@@@2@U?$less@V?$basic_string@DU?$char_traits@D@std@@V?$allocator@D@2@@std@@@2@V?$allocator@U?$pair@$$CBV?$basic_string@DU?$char_traits@D@std@@V?$allocator@D@2@@std@@V?$list@PEAVDownloaderNetscape@@V?$allocator@PEAVDownloaderNetscape@@@std@@@2@@std@@@2@$0A@@std@@@2@1@Z 00000001800059b0 f i DownloadManager.obj
 0001:00004c40       ?_Insert@?$_Tree@V?$_Tmap_traits@V?$basic_string@DU?$char_traits@D@std@@V?$allocator@D@2@@std@@PEAVCrossdomainPolicy@@U?$less@V?$basic_string@DU?$char_traits@D@std@@V?$allocator@D@2@@std@@@2@V?$allocator@U?$pair@$$CBV?$basic_string@DU?$char_traits@D@std@@V?$allocator@D@2@@std@@PEAVCrossdomainPolicy@@@std@@@2@$0A@@std@@@std@@IEAA?AV?$_Tree_iterator@V?$_Tree_val@V?$_Tmap_traits@V?$basic_string@DU?$char_traits@D@std@@V?$allocator@D@2@@std@@PEAVCrossdomainPolicy@@U?$less@V?$basic_string@DU?$char_traits@D@std@@V?$allocator@D@2@@std@@@2@V?$allocator@U?$pair@$$CBV?$basic_string@DU?$char_traits@D@std@@V?$allocator@D@2@@std@@PEAVCrossdomainPolicy@@@std@@@2@$0A@@std@@@std@@@2@_NPEAU_Node@?$_Tree_nod@V?$_Tmap_traits@V?$basic_string@DU?$char_traits@D@std@@V?$allocator@D@2@@std@@PEAVCrossdomainPolicy@@U?$less@V?$basic_string@DU?$char_traits@D@std@@V?$allocator@D@2@@std@@@2@V?$allocator@U?$pair@$$CBV?$basic_string@DU?$char_traits@D@std@@V?$allocator@D@2@@std@@PEAVCrossdomainPolicy@@@std@@@2@$0A@@std@@@2@1@Z 0000000180005c40 f i DownloadManager.obj
 0001:00004ed0       ?_Insert@?$_Tree@V?$_Tmap_traits@_KPEAVDownloaderNetscape@@U?$less@_K@std@@V?$allocator@U?$pair@$$CB_KPEAVDownloaderNetscape@@@std@@@3@$0A@@std@@@std@@IEAA?AV?$_Tree_iterator@V?$_Tree_val@V?$_Tmap_traits@_KPEAVDownloaderNetscape@@U?$less@_K@std@@V?$allocator@U?$pair@$$CB_KPEAVDownloaderNetscape@@@std@@@3@$0A@@std@@@std@@@2@_NPEAU_Node@?$_Tree_nod@V?$_Tmap_traits@_KPEAVDownloaderNetscape@@U?$less@_K@std@@V?$allocator@U?$pair@$$CB_KPEAVDownloaderNetscape@@@std@@@3@$0A@@std@@@2@1@Z 0000000180005ed0 f i DownloadManager.obj
 0001:00005160       ?_Insert@?$_Tree@V?$_Tmap_traits@PEAVDownload@@PEAU_NPStream@@U?$less@PEAVDownload@@@std@@V?$allocator@U?$pair@QEAVDownload@@PEAU_NPStream@@@std@@@4@$0A@@std@@@std@@IEAA?AV?$_Tree_iterator@V?$_Tree_val@V?$_Tmap_traits@PEAVDownload@@PEAU_NPStream@@U?$less@PEAVDownload@@@std@@V?$allocator@U?$pair@QEAVDownload@@PEAU_NPStream@@@std@@@4@$0A@@std@@@std@@@2@_NPEAU_Node@?$_Tree_nod@V?$_Tmap_traits@PEAVDownload@@PEAU_NPStream@@U?$less@PEAVDownload@@@std@@V?$allocator@U?$pair@QEAVDownload@@PEAU_NPStream@@@std@@@4@$0A@@std@@@2@1@Z 0000000180006160 f i DownloadManager.obj
 0001:000053f0       ??$_Buynode@U?$pair@_KPEAVDownloaderNetscape@@@std@@@?$_Tree_val@V?$_Tmap_traits@_KPEAVDownloaderNetscape@@U?$less@_K@std@@V?$allocator@U?$pair@$$CB_KPEAVDownloaderNetscape@@@std@@@3@$0A@@std@@@std@@QEAAPEAU_Node@?$_Tree_nod@V?$_Tmap_traits@_KPEAVDownloaderNetscape@@U?$less@_K@std@@V?$allocator@U?$pair@$$CB_KPEAVDownloaderNetscape@@@std@@@3@$0A@@std@@@1@$$QEAU?$pair@_KPEAVDownloaderNetscape@@@1@@Z 00000001800063f0 f i DownloadManager.obj
 0001:00005494       ??$_Buynode@U?$pair@PEAVDownloaderNetscape@@PEAU_NPStream@@@std@@@?$_Tree_val@V?$_Tmap_traits@PEAVDownload@@PEAU_NPStream@@U?$less@PEAVDownload@@@std@@V?$allocator@U?$pair@QEAVDownload@@PEAU_NPStream@@@std@@@4@$0A@@std@@@std@@QEAAPEAU_Node@?$_Tree_nod@V?$_Tmap_traits@PEAVDownload@@PEAU_NPStream@@U?$less@PEAVDownload@@@std@@V?$allocator@U?$pair@QEAVDownload@@PEAU_NPStream@@@std@@@4@$0A@@std@@@1@$$QEAU?$pair@PEAVDownloaderNetscape@@PEAU_NPStream@@@1@@Z 0000000180006494 f i DownloadManager.obj
 0001:00005538       ??$_Buynode@U?$pair@$$CBV?$basic_string@DU?$char_traits@D@std@@V?$allocator@D@2@@std@@V?$list@PEAVDownloaderNetscape@@V?$allocator@PEAVDownloaderNetscape@@@std@@@2@@std@@@?$_Tree_val@V?$_Tmap_traits@V?$basic_string@DU?$char_traits@D@std@@V?$allocator@D@2@@std@@V?$list@PEAVDownloaderNetscape@@V?$allocator@PEAVDownloaderNetscape@@@std@@@2@U?$less@V?$basic_string@DU?$char_traits@D@std@@V?$allocator@D@2@@std@@@2@V?$allocator@U?$pair@$$CBV?$basic_string@DU?$char_traits@D@std@@V?$allocator@D@2@@std@@V?$list@PEAVDownloaderNetscape@@V?$allocator@PEAVDownloaderNetscape@@@std@@@2@@std@@@2@$0A@@std@@@std@@QEAAPEAU_Node@?$_Tree_nod@V?$_Tmap_traits@V?$basic_string@DU?$char_traits@D@std@@V?$allocator@D@2@@std@@V?$list@PEAVDownloaderNetscape@@V?$allocator@PEAVDownloaderNetscape@@@std@@@2@U?$less@V?$basic_string@DU?$char_traits@D@std@@V?$allocator@D@2@@std@@@2@V?$allocator@U?$pair@$$CBV?$basic_string@DU?$char_traits@D@std@@V?$allocator@D@2@@std@@V?$list@PEAVDownloaderNetscape@@V?$allocator@PEAVDownloaderNetscape@@@std@@@2@@std@@@2@$0A@@std@@@1@$$QEAU?$pair@$$CBV?$basic_string@DU?$char_traits@D@std@@V?$allocator@D@2@@std@@V?$list@PEAVDownloaderNetscape@@V?$allocator@PEAVDownloaderNetscape@@@std@@@2@@1@@Z 0000000180006538 f i DownloadManager.obj
 0001:000055e4       ??$_Buynode@U?$pair@$$CBV?$basic_string@DU?$char_traits@D@std@@V?$allocator@D@2@@std@@PEAVCrossdomainPolicy@@@std@@@?$_Tree_val@V?$_Tmap_traits@V?$basic_string@DU?$char_traits@D@std@@V?$allocator@D@2@@std@@PEAVCrossdomainPolicy@@U?$less@V?$basic_string@DU?$char_traits@D@std@@V?$allocator@D@2@@std@@@2@V?$allocator@U?$pair@$$CBV?$basic_string@DU?$char_traits@D@std@@V?$allocator@D@2@@std@@PEAVCrossdomainPolicy@@@std@@@2@$0A@@std@@@std@@QEAAPEAU_Node@?$_Tree_nod@V?$_Tmap_traits@V?$basic_string@DU?$char_traits@D@std@@V?$allocator@D@2@@std@@PEAVCrossdomainPolicy@@U?$less@V?$basic_string@DU?$char_traits@D@std@@V?$allocator@D@2@@std@@@2@V?$allocator@U?$pair@$$CBV?$basic_string@DU?$char_traits@D@std@@V?$allocator@D@2@@std@@PEAVCrossdomainPolicy@@@std@@@2@$0A@@std@@@1@$$QEAU?$pair@$$CBV?$basic_string@DU?$char_traits@D@std@@V?$allocator@D@2@@std@@PEAVCrossdomainPolicy@@@1@@Z 00000001800065e4 f i DownloadManager.obj
 0001:000056c0       ??$_Insert@V?$_List_const_iterator@V?$_List_val@VPortRange@@V?$allocator@VPortRange@@@std@@@std@@@std@@@?$list@VPortRange@@V?$allocator@VPortRange@@@std@@@std@@QEAAXV?$_List_const_iterator@V?$_List_val@VPortRange@@V?$allocator@VPortRange@@@std@@@std@@@1@00Uforward_iterator_tag@1@@Z 00000001800066c0 f i DownloadManager.obj
 0001:00005758       ?_Buynode@?$_List_val@VPortRange@@V?$allocator@VPortRange@@@std@@@std@@QEAAPEAU_Node@?$_List_nod@VPortRange@@V?$allocator@VPortRange@@@std@@@2@PEAU342@0AEBVPortRange@@@Z 0000000180006758 f i DownloadManager.obj
 0001:00005758       ??$_Buynode@VPortRange@@@?$_List_val@VPortRange@@V?$allocator@VPortRange@@@std@@@std@@QEAAPEAU_Node@?$_List_nod@VPortRange@@V?$allocator@VPortRange@@@std@@@1@PEAU231@0$$QEAVPortRange@@@Z 0000000180006758 f i DownloadManager.obj
 0001:000057f8       ??0?$list@PEAVDownloaderNetscape@@V?$allocator@PEAVDownloaderNetscape@@@std@@@std@@QEAA@AEBV01@@Z 00000001800067f8 f i DownloadManager.obj
 0001:00005894       ??$_Insert@V?$_List_const_iterator@V?$_List_val@PEAVDownloaderNetscape@@V?$allocator@PEAVDownloaderNetscape@@@std@@@std@@@std@@@?$list@PEAVDownloaderNetscape@@V?$allocator@PEAVDownloaderNetscape@@@std@@@std@@QEAAXV?$_List_const_iterator@V?$_List_val@PEAVDownloaderNetscape@@V?$allocator@PEAVDownloaderNetscape@@@std@@@std@@@1@00Uforward_iterator_tag@1@@Z 0000000180006894 f i DownloadManager.obj
 0001:0000592c       ??$?0$$CBV?$basic_string@DU?$char_traits@D@std@@V?$allocator@D@2@@std@@V?$list@PEAVDownloaderNetscape@@V?$allocator@PEAVDownloaderNetscape@@@std@@@1@@?$pair@$$CBV?$basic_string@DU?$char_traits@D@std@@V?$allocator@D@2@@std@@V?$list@PEAVDownloaderNetscape@@V?$allocator@PEAVDownloaderNetscape@@@std@@@2@@std@@QEAA@$$QEAU01@@Z 000000018000692c f i DownloadManager.obj
 0001:00005a7c       ??1ContextMenu@@QEAA@XZ    0000000180006a7c f   ContextMenu.obj
 0001:00005ad4       ?WindowProc@ContextMenu@@CA_JPEAUHWND__@@I_K_J@Z 0000000180006ad4 f   ContextMenu.obj
 0001:00005ea4       ??_GContextSubmenu@@QEAAPEAXI@Z 0000000180006ea4 f i ContextMenu.obj
 0001:00005f28       ??0ContextSubmenu@@QEAA@PEBVContextMenu@@PEAUHWND__@@@Z 0000000180006f28 f   ContextSubmenu.obj
 0001:00005f98       ?HideChildren@ContextSubmenu@@QEAAXXZ 0000000180006f98 f   ContextSubmenu.obj
 0001:00005ff0       ?Initialize@ContextSubmenu@@QEAAXPEAUHMENU__@@@Z 0000000180006ff0 f   ContextSubmenu.obj
 0001:000063ac       ?Update@ContextSubmenu@@AEAAXXZ 00000001800073ac f   ContextSubmenu.obj
 0001:000065d8       ?SelectAndRedraw@ContextSubmenu@@QEAAXAEBUtagPOINT@@@Z 00000001800075d8 f   ContextSubmenu.obj
 0001:000066a4       ?OnPaint@ContextSubmenu@@AEBAXPEAUHDC__@@@Z 00000001800076a4 f   ContextSubmenu.obj
 0001:00006ab4       ??1?$vector@UItem@ContextSubmenu@@V?$allocator@UItem@ContextSubmenu@@@std@@@std@@QEAA@XZ 0000000180007ab4 f i ContextSubmenu.obj
 0001:00006b44       ?reserve@?$vector@UItem@ContextSubmenu@@V?$allocator@UItem@ContextSubmenu@@@std@@@std@@QEAAX_K@Z 0000000180007b44 f i ContextSubmenu.obj
 0001:00006cb4       ?assign@?$basic_string@_WU?$char_traits@_W@std@@V?$allocator@_W@2@@std@@QEAAAEAV12@AEBV12@_K1@Z 0000000180007cb4 f i ContextSubmenu.obj
 0001:00006dcc       ?_Reserve@?$vector@UItem@ContextSubmenu@@V?$allocator@UItem@ContextSubmenu@@@std@@@std@@IEAAX_K@Z 0000000180007dcc f i ContextSubmenu.obj
 0001:00006e70       ?assign@?$basic_string@_WU?$char_traits@_W@std@@V?$allocator@_W@2@@std@@QEAAAEAV12@PEB_W_K@Z 0000000180007e70 f i ContextSubmenu.obj
 0001:00006f98       ?erase@?$basic_string@_WU?$char_traits@_W@std@@V?$allocator@_W@2@@std@@QEAAAEAV12@_K0@Z 0000000180007f98 f i ContextSubmenu.obj
 0001:0000703c       ?_Grow@?$basic_string@_WU?$char_traits@_W@std@@V?$allocator@_W@2@@std@@QEAA_N_K_N@Z 000000018000803c f i ContextSubmenu.obj
 0001:00007110       ?_Copy@?$basic_string@_WU?$char_traits@_W@std@@V?$allocator@_W@2@@std@@QEAAX_K0@Z 0000000180008110 f i ContextSubmenu.obj
 0001:00007208       ?allocate@?$allocator@_W@std@@QEAAPEA_W_K@Z 0000000180008208 f i ContextSubmenu.obj
 0001:00007268       ??$_Uninit_move@PEAUItem@ContextSubmenu@@PEAU12@V?$allocator@UItem@ContextSubmenu@@@std@@U12@@std@@YAPEAUItem@ContextSubmenu@@PEAU12@00AEAV?$allocator@UItem@ContextSubmenu@@@0@0U_Nonscalar_ptr_iterator_tag@0@@Z 0000000180008268 f i ContextSubmenu.obj
 0001:00007314       ?WriteReady@nsPluginInstanceBase@@UEAAHPEAU_NPStream@@@Z 0000000180008314 f i UnityWebPlayerPlugin.obj
 0001:0000731c       ?GetMenuTitle@ShortChannelInfo@RevisionsQuery@@QEBA?AV?$basic_string@DU?$char_traits@D@std@@V?$allocator@D@2@@std@@XZ 000000018000831c f i UnityWebPlayerPlugin.obj
 0001:00007480       DllMain                    0000000180008480 f   UnityWebPlayerPlugin.obj
 0001:000074a8       ?NS_PluginInitialize@@YAFXZ 00000001800084a8 f   UnityWebPlayerPlugin.obj
 0001:000075ac       ?NS_PluginShutdown@@YAXXZ  00000001800085ac f   UnityWebPlayerPlugin.obj
 0001:00007668       ??_GUnityWebPlayerPluginInstance@@QEAAPEAXI@Z 0000000180008668 f i UnityWebPlayerPlugin.obj
 0001:00007788       ??0UnityWebPlayerPluginInstance@@QEAA@PEAUnsPluginCreateData@@@Z 0000000180008788 f   UnityWebPlayerPlugin.obj
 0001:00007b44       ?GetValue@UnityWebPlayerPluginInstance@@UEAAFW4NPPVariable@@PEAX@Z 0000000180008b44 f   UnityWebPlayerPlugin.obj
 0001:00007b8c       ?InternalInitWindow@UnityWebPlayerPluginInstance@@AEAAXPEAUHWND__@@HH@Z 0000000180008b8c f   UnityWebPlayerPlugin.obj
 0001:00007c74       ?init@UnityWebPlayerPluginInstance@@UEAAEPEAU_NPWindow@@@Z 0000000180008c74 f   UnityWebPlayerPlugin.obj
 0001:00007cc8       ?shut@UnityWebPlayerPluginInstance@@UEAAXXZ 0000000180008cc8 f   UnityWebPlayerPlugin.obj
 0001:00007d08       ?isInitialized@UnityWebPlayerPluginInstance@@UEAAEXZ 0000000180008d08 f   UnityWebPlayerPlugin.obj
 0001:00007d10       ?SetWindow@UnityWebPlayerPluginInstance@@UEAAFPEAU_NPWindow@@@Z 0000000180008d10 f   UnityWebPlayerPlugin.obj
 0001:00007dd4       ?PluginParentWindowProc@UnityWebPlayerPluginInstance@@CA_JPEAUHWND__@@I_K_J@Z 0000000180008dd4 f   UnityWebPlayerPlugin.obj
 0001:000081e0       ?NewStream@UnityWebPlayerPluginInstance@@UEAAFPEADPEAU_NPStream@@EPEAG@Z 00000001800091e0 f   UnityWebPlayerPlugin.obj
 0001:000082f8       ?Write@UnityWebPlayerPluginInstance@@UEAAHPEAU_NPStream@@HHPEAX@Z 00000001800092f8 f   UnityWebPlayerPlugin.obj
 0001:00008388       ?DestroyStream@UnityWebPlayerPluginInstance@@UEAAFPEAU_NPStream@@F@Z 0000000180009388 f   UnityWebPlayerPlugin.obj
 0001:0000846c       ?URLNotify@UnityWebPlayerPluginInstance@@UEAAXPEBDFPEAX@Z 000000018000946c f   UnityWebPlayerPlugin.obj
 0001:000084d0       ?URLRedirectNotify@UnityWebPlayerPluginInstance@@UEAAXPEBDHPEAX@Z 00000001800094d0 f   UnityWebPlayerPlugin.obj
 0001:000085b0       ?Redraw@UnityWebPlayerPluginInstance@@AEAAXXZ 00000001800095b0 f   UnityWebPlayerPlugin.obj
 0001:00008600       ?PrepareDoubleBuffer@UnityWebPlayerPluginInstance@@AEAAXPEAUHDC__@@@Z 0000000180009600 f   UnityWebPlayerPlugin.obj
 0001:00008710       ?OnDestroy@UnityWebPlayerPluginInstance@@QEAAXXZ 0000000180009710 f   UnityWebPlayerPlugin.obj
 0001:000087a4       ?CheckError@UnityWebPlayerPluginInstance@@AEAA_NXZ 00000001800097a4 f   UnityWebPlayerPlugin.obj
 0001:000088a0       ?CheckRuntimeError@UnityWebPlayerPluginInstance@@AEAA_NXZ 00000001800098a0 f   UnityWebPlayerPlugin.obj
 0001:000089e8       ?Tick@UnityWebPlayerPluginInstance@@QEAAXXZ 00000001800099e8 f   UnityWebPlayerPlugin.obj
 0001:00008abc       ?TickWrap@UnityWebPlayerPluginInstance@@AEAAXXZ 0000000180009abc f   UnityWebPlayerPlugin.obj
 0001:00008fe8       ?OnDraw@UnityWebPlayerPluginInstance@@QEAAXPEAUHWND__@@PEAUHDC__@@AEBUtagRECT@@@Z 0000000180009fe8 f   UnityWebPlayerPlugin.obj
 0001:0000930c       ?OnContextMenu@UnityWebPlayerPluginInstance@@QEAAXHH@Z 000000018000a30c f   UnityWebPlayerPlugin.obj
 0001:00009884       ??1?$_Tree@V?$_Tset_traits@UShortChannelInfo@RevisionsQuery@@U?$less@UShortChannelInfo@RevisionsQuery@@@std@@V?$allocator@UShortChannelInfo@RevisionsQuery@@@4@$0A@@std@@@std@@QEAA@XZ 000000018000a884 f i UnityWebPlayerPlugin.obj
 0001:0000990c       ??0?$_Tree@V?$_Tset_traits@UShortChannelInfo@RevisionsQuery@@U?$less@UShortChannelInfo@RevisionsQuery@@@std@@V?$allocator@UShortChannelInfo@RevisionsQuery@@@4@$0A@@std@@@std@@QEAA@AEBV01@@Z 000000018000a90c f i UnityWebPlayerPlugin.obj
 0001:000099cc       ??0?$_Tree_val@V?$_Tset_traits@UShortChannelInfo@RevisionsQuery@@U?$less@UShortChannelInfo@RevisionsQuery@@@std@@V?$allocator@UShortChannelInfo@RevisionsQuery@@@4@$0A@@std@@@std@@QEAA@AEBU?$less@UShortChannelInfo@RevisionsQuery@@@1@V?$allocator@UShortChannelInfo@RevisionsQuery@@@1@@Z 000000018000a9cc f i UnityWebPlayerPlugin.obj
 0001:00009a54       ?_Copy@?$_Tree@V?$_Tset_traits@UShortChannelInfo@RevisionsQuery@@U?$less@UShortChannelInfo@RevisionsQuery@@@std@@V?$allocator@UShortChannelInfo@RevisionsQuery@@@4@$0A@@std@@@std@@IEAAPEAU_Node@?$_Tree_nod@V?$_Tset_traits@UShortChannelInfo@RevisionsQuery@@U?$less@UShortChannelInfo@RevisionsQuery@@@std@@V?$allocator@UShortChannelInfo@RevisionsQuery@@@4@$0A@@std@@@2@PEAU342@0@Z 000000018000aa54 f i UnityWebPlayerPlugin.obj
 0001:00009af0       ?_Erase@?$_Tree@V?$_Tset_traits@UShortChannelInfo@RevisionsQuery@@U?$less@UShortChannelInfo@RevisionsQuery@@@std@@V?$allocator@UShortChannelInfo@RevisionsQuery@@@4@$0A@@std@@@std@@IEAAXPEAU_Node@?$_Tree_nod@V?$_Tset_traits@UShortChannelInfo@RevisionsQuery@@U?$less@UShortChannelInfo@RevisionsQuery@@@std@@V?$allocator@UShortChannelInfo@RevisionsQuery@@@4@$0A@@std@@@2@@Z 000000018000aaf0 f i UnityWebPlayerPlugin.obj
 0001:00009b50       ??$?HDU?$char_traits@D@std@@V?$allocator@D@1@@std@@YA?AV?$basic_string@DU?$char_traits@D@std@@V?$allocator@D@2@@0@AEBV10@PEBD@Z 000000018000ab50 f i UnityWebPlayerPlugin.obj
 0001:00009c04       ??$ChangeStringFormat@PEBDV?$basic_string@_WU?$char_traits@_W@std@@V?$allocator@_W@2@@std@@Umulti_byte_to_wide@detail@@@detail@@YAXAEBQEBD_KAEAV?$basic_string@_WU?$char_traits@_W@std@@V?$allocator@_W@2@@std@@Umulti_byte_to_wide@0@@Z 000000018000ac04 f i UnityWebPlayerPlugin.obj
 0001:00009cd0       ??$?HDU?$char_traits@D@std@@V?$allocator@D@1@@std@@YA?AV?$basic_string@DU?$char_traits@D@std@@V?$allocator@D@2@@0@PEBDAEBV10@@Z 000000018000acd0 f i UnityWebPlayerPlugin.obj
 0001:00009d84       ??$_Dest_val@V?$allocator@UShortChannelInfo@RevisionsQuery@@@std@@UShortChannelInfo@RevisionsQuery@@@std@@YAXAEAV?$allocator@UShortChannelInfo@RevisionsQuery@@@0@PEAUShortChannelInfo@RevisionsQuery@@@Z 000000018000ad84 f i UnityWebPlayerPlugin.obj
 0001:00009df8       ?append@?$basic_string@_WU?$char_traits@_W@std@@V?$allocator@_W@2@@std@@QEAAAEAV12@_K_W@Z 000000018000adf8 f i UnityWebPlayerPlugin.obj
 0001:00009f08       ??0ShortChannelInfo@RevisionsQuery@@QEAA@AEBU01@@Z 000000018000af08 f i UnityWebPlayerPlugin.obj
 0001:00009f98       NP_Shutdown                000000018000af98 f   np_entry.obj
 0001:00009fd0       NP_Initialize              000000018000afd0 f   np_entry.obj
 0001:0000a0a4       NP_GetEntryPoints          000000018000b0a4 f   np_entry.obj
 0001:0000a15c       NPP_New                    000000018000b15c f   npp_gate.obj
 0001:0000a244       NPP_Destroy                000000018000b244 f   npp_gate.obj
 0001:0000a284       NPP_SetWindow              000000018000b284 f   npp_gate.obj
 0001:0000a348       NPP_NewStream              000000018000b348 f   npp_gate.obj
 0001:0000a37c       NPP_WriteReady             000000018000b37c f   npp_gate.obj
 0001:0000a398       NPP_Write                  000000018000b398 f   npp_gate.obj
 0001:0000a3c4       NPP_DestroyStream          000000018000b3c4 f   npp_gate.obj
 0001:0000a3e0       NPP_StreamAsFile           000000018000b3e0 f   npp_gate.obj
 0001:0000a3fc       NPP_Print                  000000018000b3fc f   npp_gate.obj
 0001:0000a418       NPP_URLNotify              000000018000b418 f   npp_gate.obj
 0001:0000a434       NPP_URLRedirectNotify      000000018000b434 f   npp_gate.obj
 0001:0000a450       NPP_GetValue               000000018000b450 f   npp_gate.obj
 0001:0000a46c       NPP_SetValue               000000018000b46c f   npp_gate.obj
 0001:0000a488       NPP_HandleEvent            000000018000b488 f   npp_gate.obj
 0001:0000a4a8       ?NetscapeStartNaturalDownload@@YAPEAVDownload@@AEAU_NPStream@@AEAVLogger@@@Z 000000018000b4a8 f   DownloadNetscape.obj
 0001:0000a5bc       ?NetscapeSetupProgressParams@@YAXAEAVPluginInstance@@PEAU_NPP@@FQEAPEAD2@Z 000000018000b5bc f   DownloadNetscape.obj
 0001:0000a858       ?NetscapeParseEmbedParameters@@YAXAEAVPluginInstance@@FQEAPEAD1@Z 000000018000b858 f   DownloadNetscape.obj
 0001:0000abac       ??0VariantValue@@QEAA@XZ   000000018000bbac f i NetscapeScriptablePlugin.obj
 0001:0000ad70       ?pluginRemoveProperty@@YA_NPEAUNPObject@@PEAX@Z 000000018000bd70 f   NetscapeScriptablePlugin.obj
 0001:0000ad70       ?pluginHasProperty@@YA_NPEAUNPObject@@PEAX@Z 000000018000bd70 f   NetscapeScriptablePlugin.obj
 0001:0000ad74       ?pluginHasMethod@@YA_NPEAUNPObject@@PEAX@Z 000000018000bd74 f   NetscapeScriptablePlugin.obj
 0001:0000ad98       ?pluginGetProperty@@YA_NPEAUNPObject@@PEAXPEAU_NPVariant@@@Z 000000018000bd98 f   NetscapeScriptablePlugin.obj
 0001:0000ada4       ?pluginSetProperty@@YA_NPEAUNPObject@@PEAXPEBU_NPVariant@@@Z 000000018000bda4 f   NetscapeScriptablePlugin.obj
 0001:0000b1d0       ?pluginInvoke@@YA_NPEAUNPObject@@PEAXPEBU_NPVariant@@IPEAU2@@Z 000000018000c1d0 f   NetscapeScriptablePlugin.obj
 0001:0000b4c4       ?pluginInvokeDefault@@YA_NPEAUNPObject@@PEBU_NPVariant@@IPEAU2@@Z 000000018000c4c4 f   NetscapeScriptablePlugin.obj
 0001:0000b4cc       ?pluginAllocate@@YAPEAUNPObject@@PEAU_NPP@@PEAUNPClass@@@Z 000000018000c4cc f   NetscapeScriptablePlugin.obj
 0001:0000b530       ?GetPluginPageURLFromDOM@NetscapeScriptablePlugin@@SA?AV?$basic_string@DU?$char_traits@D@std@@V?$allocator@D@2@@std@@PEAU_NPP@@AEAVLogger@@@Z 000000018000c530 f   NetscapeScriptablePlugin.obj
 0001:0000b714       ?ProcessExternalCalls@NetscapeScriptablePlugin@@SAXPEAU_NPP@@AEBV?$basic_string@DU?$char_traits@D@std@@V?$allocator@D@2@@std@@@Z 000000018000c714 f   NetscapeScriptablePlugin.obj
 0001:0000b7b8       ?replace@?$basic_string@DU?$char_traits@D@std@@V?$allocator@D@2@@std@@QEAAAEAV12@_K0AEBV12@00@Z 000000018000c7b8 f i NetscapeScriptablePlugin.obj
 0001:0000bb00       ?_Reserve@?$vector@UVariantValue@@V?$allocator@UVariantValue@@@std@@@std@@IEAAX_K@Z 000000018000cb00 f i NetscapeScriptablePlugin.obj
 0001:0000bba4       ?reserve@?$vector@UVariantValue@@V?$allocator@UVariantValue@@@std@@@std@@QEAAX_K@Z 000000018000cba4 f i NetscapeScriptablePlugin.obj
 0001:0000bd10       ??$_Cons_val@V?$allocator@UVariantValue@@@std@@UVariantValue@@U3@@std@@YAXAEAV?$allocator@UVariantValue@@@0@PEAUVariantValue@@$$QEAU2@@Z 000000018000cd10 f i NetscapeScriptablePlugin.obj
 0001:0000bd5c       ??$_Uninit_move@PEAUVariantValue@@PEAU1@V?$allocator@UVariantValue@@@std@@U1@@std@@YAPEAUVariantValue@@PEAU1@00AEAV?$allocator@UVariantValue@@@0@0U_Nonscalar_ptr_iterator_tag@0@@Z 000000018000cd5c f i NetscapeScriptablePlugin.obj
 0001:0000bdb0       ??_EDownloaderNetscape@@UEAAPEAXI@Z 000000018000cdb0 f i  CIL library: CIL module
 0001:0000bdb0       ??_EDownload@@UEAAPEAXI@Z  000000018000cdb0 f i  CIL library: CIL module
 0001:0000bdb0       ??_GDownload@@UEAAPEAXI@Z  000000018000cdb0 f i WebCommonLib:Download.obj
 0001:0000bdb0       ??_GDownloaderNetscape@@UEAAPEAXI@Z 000000018000cdb0 f i DownloadManager.obj
 0001:0000bde0       ??1Download@@UEAA@XZ       000000018000cde0 f   WebCommonLib:Download.obj
 0001:0000be28       ?Append@Download@@QEAAXPEBXI@Z 000000018000ce28 f   WebCommonLib:Download.obj
 0001:0000bef0       ?HandleExternalDownloadComplete@Download@@QEAAXXZ 000000018000cef0 f   WebCommonLib:Download.obj
 0001:0000bf3c       ??1UpdaterProxy@@QEAA@XZ   000000018000cf3c f i WebCommonLib:PluginManager.obj
 0001:0000c140       ?CloseUpdate@UpdaterProxy@@QEAAXI@Z 000000018000d140 f i WebCommonLib:PluginManager.obj
 0001:0000c358       ??0Timer@?A0x986d6fde@@QEAA@G@Z 000000018000d358 f i WebCommonLib:PluginManager.obj
 0001:0000c46c       ?DestroyTimerWindow@Timer@?A0x986d6fde@@QEAAXXZ 000000018000d46c f i WebCommonLib:PluginManager.obj
 0001:0000c504       ?Tick@Timer@?A0x986d6fde@@CAXPEAXE@Z 000000018000d504 f i WebCommonLib:PluginManager.obj
 0001:0000c5c4       ?ComparePlugins@Timer@?A0x986d6fde@@CA_NPEAVUnityWebPlayerPluginInstance@@0@Z 000000018000d5c4 f i WebCommonLib:PluginManager.obj
 0001:0000c5d8       ?WindowProc@Timer@?A0x986d6fde@@CA_JPEAUHWND__@@I_K_J@Z 000000018000d5d8 f i WebCommonLib:PluginManager.obj
 0001:0000c73c       ??0WindowsTimerManager@?A0x986d6fde@@IEAA@XZ 000000018000d73c f i WebCommonLib:PluginManager.obj
 0001:0000c82c       ?AddPluginImpl@WindowsTimerManager@?A0x986d6fde@@CAXV?$_Tree_iterator@V?$_Tree_val@V?$_Tmap_traits@KPEAVTimer@?A0x986d6fde@@U?$less@K@std@@V?$allocator@U?$pair@$$CBKPEAVTimer@?A0x986d6fde@@@std@@@4@$0A@@std@@@std@@@std@@PEAVUnityWebPlayerPluginInstance@@@Z 000000018000d82c f i WebCommonLib:PluginManager.obj
 0001:0000c9b8       ?RemovePlugin@WindowsTimerManager@?A0x986d6fde@@AEAAXKPEAVUnityWebPlayerPluginInstance@@@Z 000000018000d9b8 f i WebCommonLib:PluginManager.obj
 0001:0000cb04       ??_GWindowsTimerManager@?A0x986d6fde@@IEAAPEAXI@Z 000000018000db04 f i WebCommonLib:PluginManager.obj
 0001:0000cc94       ?AddPlugin@WindowsTimerManager@?A0x986d6fde@@SAXPEAVUnityWebPlayerPluginInstance@@@Z 000000018000dc94 f   WebCommonLib:PluginManager.obj
 0001:0000cd6c       ?GetDefaultReleaseChannel@PluginManager@@QEBA?AV?$basic_string@DU?$char_traits@D@std@@V?$allocator@D@2@@std@@XZ 000000018000dd6c f   WebCommonLib:PluginManager.obj
 0001:0000cde8       ?GetDevelopmentPlayer@PluginManager@@QEBA_NXZ 000000018000dde8 f   WebCommonLib:PluginManager.obj
 0001:0000ce58       ?OnCrashCallback@PluginManager@@SAXPEBD@Z 000000018000de58 f   WebCommonLib:PluginManager.obj
 0001:0000cffc       ?IsAdminPath@PluginManager@@AEAA_NAEBV?$basic_string@DU?$char_traits@D@std@@V?$allocator@D@2@@std@@@Z 000000018000dffc f   WebCommonLib:PluginManager.obj
 0001:0000d164       ??0PluginManager@@AEAA@XZ  000000018000e164 f   WebCommonLib:PluginManager.obj
 0001:0000ddf8       ??1PluginManager@@AEAA@XZ  000000018000edf8 f   WebCommonLib:PluginManager.obj
 0001:0000e0a4       ?RemovePlugin@PluginManager@@QEAAXAEAVPluginInstance@@@Z 000000018000f0a4 f   WebCommonLib:PluginManager.obj
 0001:0000e26c       ?DeleteTempFiles@PluginManager@@QEAAX_N@Z 000000018000f26c f   WebCommonLib:PluginManager.obj
 0001:0000e368       ?RequestUpdate@PluginManager@@QEAAPEAVDownload@@W4BundleID@@AEBV?$basic_string@DU?$char_traits@D@std@@V?$allocator@D@2@@std@@AEAVRevisionsQuery@@1V45@@Z 000000018000f368 f   WebCommonLib:PluginManager.obj
 0001:0000e790       ?GetInstalledRevision@PluginManager@@QEAAHW4BundleID@@AEBV?$basic_string@DU?$char_traits@D@std@@V?$allocator@D@2@@std@@1PEAV34@@Z 000000018000f790 f   WebCommonLib:PluginManager.obj
 0001:0000e8f8       ?GetTemporaryPathRevision@PluginManager@@QEAAHAEBV?$basic_string@DU?$char_traits@D@std@@V?$allocator@D@2@@std@@W4BundleID@@0@Z 000000018000f8f8 f   WebCommonLib:PluginManager.obj
 0001:0000e964       ?GetRevisionFromPath@PluginManager@@CAHAEBV?$basic_string@DU?$char_traits@D@std@@V?$allocator@D@2@@std@@PEAV23@@Z 000000018000f964 f   WebCommonLib:PluginManager.obj
 0001:0000ebfc       ?ApplySelfUpdate@PluginManager@@AEAA?AW4UpdateResult@1@PEBE_KAEAUUpdateInfo@1@PEAUHWND__@@@Z 000000018000fbfc f   WebCommonLib:PluginManager.obj
 0001:0000eff0       ?ApplyUpdate@PluginManager@@AEAA?AW4UpdateResult@1@PEBE_KW4BundleID@@AEBV?$basic_string@DU?$char_traits@D@std@@V?$allocator@D@2@@std@@AEAUUpdateInfo@1@PEAUHWND__@@@Z 000000018000fff0 f   WebCommonLib:PluginManager.obj
 0001:0000f420       ?DoneWithUpdates@PluginManager@@QEAAXXZ 0000000180010420 f   WebCommonLib:PluginManager.obj
 0001:0000f498       ?GetHomePath@PluginManager@@CA?AV?$basic_string@DU?$char_traits@D@std@@V?$allocator@D@2@@std@@XZ 0000000180010498 f   WebCommonLib:PluginManager.obj
 0001:0000f588       ?GetHomePath@PluginManager@@CA?AV?$basic_string@DU?$char_traits@D@std@@V?$allocator@D@2@@std@@PEAUHKEY__@@@Z 0000000180010588 f   WebCommonLib:PluginManager.obj
 0001:0000f6ac       ?GetDefaultUserHomePath@PluginManager@@CA?AV?$basic_string@DU?$char_traits@D@std@@V?$allocator@D@2@@std@@XZ 00000001800106ac f   WebCommonLib:PluginManager.obj
 0001:0000f89c       ?GetDefaultOldUserHomePath@PluginManager@@CA?AV?$basic_string@DU?$char_traits@D@std@@V?$allocator@D@2@@std@@XZ 000000018001089c f   WebCommonLib:PluginManager.obj
 0001:0000f970       ?CheckBundleExistsInUserLocation@PluginManager@@AEBA_NW4BundleID@@AEBV?$basic_string@DU?$char_traits@D@std@@V?$allocator@D@2@@std@@_N1@Z 0000000180010970 f   WebCommonLib:PluginManager.obj
 0001:0000fb1c       ?CreateUpdaterProxy@PluginManager@@AEAA_NXZ 0000000180010b1c f   WebCommonLib:PluginManager.obj
 0001:0000fd60       ?GetInstalledPath@PluginManager@@QEBA?AV?$basic_string@DU?$char_traits@D@std@@V?$allocator@D@2@@std@@W4BundleID@@AEBV23@1HPEAW4LocationType@1@@Z 0000000180010d60 f   WebCommonLib:PluginManager.obj
 0001:0000ffa4       ?Tick@PluginManager@@QEAAXPEAUHWND__@@@Z 0000000180010fa4 f   WebCommonLib:PluginManager.obj
 0001:00010270       ?Log@PluginManager@@QEAAXPEBDZZ 0000000180011270 f   WebCommonLib:PluginManager.obj
 0001:00010298       ?push_back@?$vector@PEAVPluginInstance@@V?$allocator@PEAVPluginInstance@@@std@@@std@@QEAAX$$QEAPEAVPluginInstance@@@Z 0000000180011298 f i WebCommonLib:PluginManager.obj
 0001:000103d0       ?erase@?$vector@UUpdateInfo@PluginManager@@V?$allocator@UUpdateInfo@PluginManager@@@std@@@std@@QEAA?AV?$_Vector_iterator@V?$_Vector_val@UUpdateInfo@PluginManager@@V?$allocator@UUpdateInfo@PluginManager@@@std@@@std@@@2@V?$_Vector_const_iterator@V?$_Vector_val@UUpdateInfo@PluginManager@@V?$allocator@UUpdateInfo@PluginManager@@@std@@@std@@@2@@Z 00000001800113d0 f i WebCommonLib:PluginManager.obj
 0001:0001049c       ?erase@?$_Tree@V?$_Tmap_traits@KPEAVTimer@?A0x986d6fde@@U?$less@K@std@@V?$allocator@U?$pair@$$CBKPEAVTimer@?A0x986d6fde@@@std@@@4@$0A@@std@@@std@@QEAA?AV?$_Tree_iterator@V?$_Tree_val@V?$_Tmap_traits@KPEAVTimer@?A0x986d6fde@@U?$less@K@std@@V?$allocator@U?$pair@$$CBKPEAVTimer@?A0x986d6fde@@@std@@@4@$0A@@std@@@std@@@2@V?$_Tree_const_iterator@V?$_Tree_val@V?$_Tmap_traits@KPEAVTimer@?A0x986d6fde@@U?$less@K@std@@V?$allocator@U?$pair@$$CBKPEAVTimer@?A0x986d6fde@@@std@@@4@$0A@@std@@@std@@@2@@Z 000000018001149c f i WebCommonLib:PluginManager.obj
 0001:00010930       ?erase@?$_Tree@V?$_Tmap_traits@IW4UpdateStatus@UpdaterProxy@@U?$less@I@std@@V?$allocator@U?$pair@$$CBIW4UpdateStatus@UpdaterProxy@@@std@@@4@$0A@@std@@@std@@QEAA?AV?$_Tree_iterator@V?$_Tree_val@V?$_Tmap_traits@IW4UpdateStatus@UpdaterProxy@@U?$less@I@std@@V?$allocator@U?$pair@$$CBIW4UpdateStatus@UpdaterProxy@@@std@@@4@$0A@@std@@@std@@@2@V?$_Tree_const_iterator@V?$_Tree_val@V?$_Tmap_traits@IW4UpdateStatus@UpdaterProxy@@U?$less@I@std@@V?$allocator@U?$pair@$$CBIW4UpdateStatus@UpdaterProxy@@@std@@@4@$0A@@std@@@std@@@2@0@Z 0000000180011930 f i WebCommonLib:PluginManager.obj
 0001:00010a38       ?_Reserve@?$vector@UUpdateInfo@PluginManager@@V?$allocator@UUpdateInfo@PluginManager@@@std@@@std@@IEAAX_K@Z 0000000180011a38 f i WebCommonLib:PluginManager.obj
 0001:00010adc       ?_Erase@?$_Tree@V?$_Tmap_traits@KPEAVTimer@?A0x986d6fde@@U?$less@K@std@@V?$allocator@U?$pair@$$CBKPEAVTimer@?A0x986d6fde@@@std@@@4@$0A@@std@@@std@@IEAAXPEAU_Node@?$_Tree_nod@V?$_Tmap_traits@KPEAVTimer@?A0x986d6fde@@U?$less@K@std@@V?$allocator@U?$pair@$$CBKPEAVTimer@?A0x986d6fde@@@std@@@4@$0A@@std@@@2@@Z 0000000180011adc f i WebCommonLib:PluginManager.obj
 0001:00010adc       ?_Erase@?$_Tree@V?$_Tmap_traits@_KPEAVDownloaderNetscape@@U?$less@_K@std@@V?$allocator@U?$pair@$$CB_KPEAVDownloaderNetscape@@@std@@@3@$0A@@std@@@std@@IEAAXPEAU_Node@?$_Tree_nod@V?$_Tmap_traits@_KPEAVDownloaderNetscape@@U?$less@_K@std@@V?$allocator@U?$pair@$$CB_KPEAVDownloaderNetscape@@@std@@@3@$0A@@std@@@2@@Z 0000000180011adc f i DownloadManager.obj
 0001:00010adc       ?_Erase@?$_Tree@V?$_Tmap_traits@PEAVDownload@@PEAU_NPStream@@U?$less@PEAVDownload@@@std@@V?$allocator@U?$pair@QEAVDownload@@PEAU_NPStream@@@std@@@4@$0A@@std@@@std@@IEAAXPEAU_Node@?$_Tree_nod@V?$_Tmap_traits@PEAVDownload@@PEAU_NPStream@@U?$less@PEAVDownload@@@std@@V?$allocator@U?$pair@QEAVDownload@@PEAU_NPStream@@@std@@@4@$0A@@std@@@2@@Z 0000000180011adc f i DownloadManager.obj
 0001:00010b2c       ?erase@?$_Tree@V?$_Tmap_traits@IW4UpdateStatus@UpdaterProxy@@U?$less@I@std@@V?$allocator@U?$pair@$$CBIW4UpdateStatus@UpdaterProxy@@@std@@@4@$0A@@std@@@std@@QEAA?AV?$_Tree_iterator@V?$_Tree_val@V?$_Tmap_traits@IW4UpdateStatus@UpdaterProxy@@U?$less@I@std@@V?$allocator@U?$pair@$$CBIW4UpdateStatus@UpdaterProxy@@@std@@@4@$0A@@std@@@std@@@2@V?$_Tree_const_iterator@V?$_Tree_val@V?$_Tmap_traits@IW4UpdateStatus@UpdaterProxy@@U?$less@I@std@@V?$allocator@U?$pair@$$CBIW4UpdateStatus@UpdaterProxy@@@std@@@4@$0A@@std@@@std@@@2@@Z 0000000180011b2c f i WebCommonLib:PluginManager.obj
 0001:00010fc0       ?reserve@?$vector@UUpdateInfo@PluginManager@@V?$allocator@UUpdateInfo@PluginManager@@@std@@@std@@QEAAX_K@Z 0000000180011fc0 f i WebCommonLib:PluginManager.obj
 0001:00011110       ?_Erase@?$_Tree@V?$_Tmap_traits@IW4UpdateStatus@UpdaterProxy@@U?$less@I@std@@V?$allocator@U?$pair@$$CBIW4UpdateStatus@UpdaterProxy@@@std@@@4@$0A@@std@@@std@@IEAAXPEAU_Node@?$_Tree_nod@V?$_Tmap_traits@IW4UpdateStatus@UpdaterProxy@@U?$less@I@std@@V?$allocator@U?$pair@$$CBIW4UpdateStatus@UpdaterProxy@@@std@@@4@$0A@@std@@@2@@Z 0000000180012110 f i WebCommonLib:PluginManager.obj
 0001:00011160       ??$ChangeStringFormat@PEB_WV?$basic_string@DU?$char_traits@D@std@@V?$allocator@D@2@@std@@Uwide_to_multi_byte@detail@@@detail@@YAXAEBQEB_W_KAEAV?$basic_string@DU?$char_traits@D@std@@V?$allocator@D@2@@std@@Uwide_to_multi_byte@0@@Z 0000000180012160 f i WebCommonLib:PluginManager.obj
 0001:00011240       ??$ConvertUnityPathNameImpl@V?$basic_string@DU?$char_traits@D@std@@V?$allocator@D@2@@std@@@detail@@YAXAEBV?$basic_string@DU?$char_traits@D@std@@V?$allocator@D@2@@std@@AEAV?$basic_string@_WU?$char_traits@_W@std@@V?$allocator@_W@2@@2@@Z 0000000180012240 f i WebCommonLib:PluginManager.obj
 0001:000112b8       ??$insert@U?$pair@KPEAVTimer@?A0x986d6fde@@@std@@@?$_Tree@V?$_Tmap_traits@KPEAVTimer@?A0x986d6fde@@U?$less@K@std@@V?$allocator@U?$pair@$$CBKPEAVTimer@?A0x986d6fde@@@std@@@4@$0A@@std@@@std@@QEAA?AU?$pair@V?$_Tree_iterator@V?$_Tree_val@V?$_Tmap_traits@KPEAVTimer@?A0x986d6fde@@U?$less@K@std@@V?$allocator@U?$pair@$$CBKPEAVTimer@?A0x986d6fde@@@std@@@4@$0A@@std@@@std@@@std@@_N@1@$$QEAU?$pair@KPEAVTimer@?A0x986d6fde@@@1@@Z 00000001800122b8 f i WebCommonLib:PluginManager.obj
 0001:000113ac       ??$?HDU?$char_traits@D@std@@V?$allocator@D@1@@std@@YA?AV?$basic_string@DU?$char_traits@D@std@@V?$allocator@D@2@@0@PEBD$$QEAV10@@Z 00000001800123ac f i WebCommonLib:PluginManager.obj
 0001:00011540       ??$?HDU?$char_traits@D@std@@V?$allocator@D@1@@std@@YA?AV?$basic_string@DU?$char_traits@D@std@@V?$allocator@D@2@@0@AEBV10@0@Z 0000000180012540 f i WebCommonLib:PluginManager.obj
 0001:000115e8       ??$_Dest_val@V?$allocator@U_Node@?$_List_nod@V?$ResourcePtr@VUpdateOperation@UpdaterProxy@@@@V?$allocator@V?$ResourcePtr@VUpdateOperation@UpdaterProxy@@@@@std@@@std@@@std@@U_Node@?$_List_nod@V?$ResourcePtr@VUpdateOperation@UpdaterProxy@@@@V?$allocator@V?$ResourcePtr@VUpdateOperation@UpdaterProxy@@@@@std@@@2@@std@@YAXAEAV?$allocator@U_Node@?$_List_nod@V?$ResourcePtr@VUpdateOperation@UpdaterProxy@@@@V?$allocator@V?$ResourcePtr@VUpdateOperation@UpdaterProxy@@@@@std@@@std@@@0@PEAU_Node@?$_List_nod@V?$ResourcePtr@VUpdateOperation@UpdaterProxy@@@@V?$allocator@V?$ResourcePtr@VUpdateOperation@UpdaterProxy@@@@@std@@@0@@Z 00000001800125e8 f i WebCommonLib:PluginManager.obj
 0001:00011630       ?insert@?$basic_string@DU?$char_traits@D@std@@V?$allocator@D@2@@std@@QEAAAEAV12@_KAEBV12@00@Z 0000000180012630 f i WebCommonLib:PluginManager.obj
 0001:000117c8       ?_Insert@?$_Tree@V?$_Tmap_traits@KPEAVTimer@?A0x986d6fde@@U?$less@K@std@@V?$allocator@U?$pair@$$CBKPEAVTimer@?A0x986d6fde@@@std@@@4@$0A@@std@@@std@@IEAA?AV?$_Tree_iterator@V?$_Tree_val@V?$_Tmap_traits@KPEAVTimer@?A0x986d6fde@@U?$less@K@std@@V?$allocator@U?$pair@$$CBKPEAVTimer@?A0x986d6fde@@@std@@@4@$0A@@std@@@std@@@2@_NPEAU_Node@?$_Tree_nod@V?$_Tmap_traits@KPEAVTimer@?A0x986d6fde@@U?$less@K@std@@V?$allocator@U?$pair@$$CBKPEAVTimer@?A0x986d6fde@@@std@@@4@$0A@@std@@@2@1@Z 00000001800127c8 f i WebCommonLib:PluginManager.obj
 0001:00011a4c       ?append@?$basic_string@DU?$char_traits@D@std@@V?$allocator@D@2@@std@@QEAAAEAV12@_KD@Z 0000000180012a4c f i WebCommonLib:PluginManager.obj
 0001:00011b44       ??$_Sort@PEAPEAVUnityWebPlayerPluginInstance@@_JP6A_NPEAV1@0@Z@std@@YAXPEAPEAVUnityWebPlayerPluginInstance@@0_JP6A_NPEAV1@2@Z@Z 0000000180012b44 f i WebCommonLib:PluginManager.obj
 0001:00011dd4       ??$_Buynode@U?$pair@KPEAVTimer@?A0x986d6fde@@@std@@@?$_Tree_val@V?$_Tmap_traits@KPEAVTimer@?A0x986d6fde@@U?$less@K@std@@V?$allocator@U?$pair@$$CBKPEAVTimer@?A0x986d6fde@@@std@@@4@$0A@@std@@@std@@QEAAPEAU_Node@?$_Tree_nod@V?$_Tmap_traits@KPEAVTimer@?A0x986d6fde@@U?$less@K@std@@V?$allocator@U?$pair@$$CBKPEAVTimer@?A0x986d6fde@@@std@@@4@$0A@@std@@@1@$$QEAU?$pair@KPEAVTimer@?A0x986d6fde@@@1@@Z 0000000180012dd4 f i WebCommonLib:PluginManager.obj
 0001:00011e7c       ??0UpdateInfo@PluginManager@@QEAA@AEBU01@@Z 0000000180012e7c f i WebCommonLib:PluginManager.obj
 0001:00011efc       ??$_Unguarded_partition@PEAPEAVUnityWebPlayerPluginInstance@@P6A_NPEAV1@0@Z@std@@YA?AU?$pair@PEAPEAVUnityWebPlayerPluginInstance@@PEAPEAV1@@0@PEAPEAVUnityWebPlayerPluginInstance@@0P6A_NPEAV2@1@Z@Z 0000000180012efc f i WebCommonLib:PluginManager.obj
 0001:00012144       ??$_Dest_val@V?$allocator@UUpdateInfo@PluginManager@@@std@@UUpdateInfo@PluginManager@@@std@@YAXAEAV?$allocator@UUpdateInfo@PluginManager@@@0@PEAUUpdateInfo@PluginManager@@@Z 0000000180013144 f i WebCommonLib:PluginManager.obj
 0001:00012198       ??$_Uninit_move@PEAUUpdateInfo@PluginManager@@PEAU12@V?$allocator@UUpdateInfo@PluginManager@@@std@@U12@@std@@YAPEAUUpdateInfo@PluginManager@@PEAU12@00AEAV?$allocator@UUpdateInfo@PluginManager@@@0@0U_Nonscalar_ptr_iterator_tag@0@@Z 0000000180013198 f i WebCommonLib:PluginManager.obj
 0001:000121f0       ??$_Med3@PEAPEAVUnityWebPlayerPluginInstance@@P6A_NPEAV1@0@Z@std@@YAXPEAPEAVUnityWebPlayerPluginInstance@@00P6A_NPEAV1@1@Z@Z 00000001800131f0 f i WebCommonLib:PluginManager.obj
 0001:00012270       ??$_Adjust_heap@PEAPEAVUnityWebPlayerPluginInstance@@_JPEAV1@P6A_NPEAV1@0@Z@std@@YAXPEAPEAVUnityWebPlayerPluginInstance@@_J1$$QEAPEAV1@P6A_NPEAV1@3@Z@Z 0000000180013270 f i WebCommonLib:PluginManager.obj
 0001:00012334       ?GenerateGuidString@@YA?AV?$basic_string@DU?$char_traits@D@std@@V?$allocator@D@2@@std@@XZ 0000000180013334 f   WebCommonLib:WebPluginUtility.obj
 0001:000123dc       ?GetForceDevelopmentPlugin@@YA_NXZ 00000001800133dc f   WebCommonLib:WebPluginUtility.obj
 0001:0001243c       ?GetDisableAutoUpdates@@YA_NXZ 000000018001343c f   WebCommonLib:WebPluginUtility.obj
 0001:00012484       ?WebDebugLog@@YAXAEAVLogger@@PEBDZZ 0000000180013484 f   WebCommonLib:WebPluginUtility.obj
 0001:000124bc       ?GetNumericVersion@@YAHAEBV?$basic_string@DU?$char_traits@D@std@@V?$allocator@D@2@@std@@@Z 00000001800134bc f   WebCommonLib:WebPluginUtility.obj
 0001:000126f0       ?VFormat@@YA?AV?$basic_string@DU?$char_traits@D@std@@V?$allocator@D@2@@std@@PEBDPEAD@Z 00000001800136f0 f   WebCommonLib:WebPluginUtility.obj
 0001:0001274c       ?Format@@YA?AV?$basic_string@DU?$char_traits@D@std@@V?$allocator@D@2@@std@@PEBDZZ 000000018001374c f   WebCommonLib:WebPluginUtility.obj
 0001:00012b20       ?CreateDIBSectionFromBGRA@?A0x48f0b346@@YAPEAUHBITMAP__@@PEAUHDC__@@PEBXHH@Z 0000000180013b20 f   WebCommonLib:ProgressDisplayWin.obj
 0001:00012be0       ?Initialize@progress@@YAXAEAVMutex@@PEAUHINSTANCE__@@@Z 0000000180013be0 f   WebCommonLib:ProgressDisplayWin.obj
 0001:00012ec8       ?ShowProgress@progress@@YAXAEAVSetup@1@PEAUHDC__@@AEBUtagRECT@@MAEBV?$basic_string@DU?$char_traits@D@std@@V?$allocator@D@2@@std@@AEAH_N@Z 0000000180013ec8 f   WebCommonLib:ProgressDisplayWin.obj
 0001:000133ec       ?LinkSubclassProc@ProgressLink@@CA_JPEAUHWND__@@I_K_J@Z 00000001800143ec f   WebCommonLib:ProgressDisplayWin.obj
 0001:0001347c       ?Draw@ProgressLink@@QEAAXAEAUtagDRAWITEMSTRUCT@@@Z 000000018001447c f   WebCommonLib:ProgressDisplayWin.obj
 0001:000135e4       ?Create@ProgressLink@@QEAAXPEAUHINSTANCE__@@PEAUHWND__@@HHW4Alignment@1@IAEBV?$basic_string@_WU?$char_traits@_W@std@@V?$allocator@_W@2@@std@@AEBUColor@progress@@4@Z 00000001800145e4 f   WebCommonLib:ProgressDisplayWin.obj
 0001:000137cc       ??0PluginError@@QEAA@AEBV?$basic_string@DU?$char_traits@D@std@@V?$allocator@D@2@@std@@0_N@Z 00000001800147cc f i WebCommonLib:PluginInstance.obj
 0001:00013844       ?AddWwwDownload@PluginInstance@@QEAAXPEAVDownload@@@Z 0000000180014844 f i WebCommonLib:PluginInstance.obj
 0001:00013990       ??0PluginInstance@@QEAA@PEAX0P6AX0@Z@Z 0000000180014990 f   WebCommonLib:PluginInstance.obj
 0001:00014044       ??1PluginInstance@@QEAA@XZ 0000000180015044 f   WebCommonLib:PluginInstance.obj
 0001:0001431c       ?Validate@PluginInstance@@QEAA?AW4PlayerHashValidationResult@@XZ 000000018001531c f   WebCommonLib:PluginInstance.obj
 0001:000143d0       ?DeleteTempFiles@PluginInstance@@QEAAX_N@Z 00000001800153d0 f   WebCommonLib:PluginInstance.obj
 0001:00014470       ?SetError@PluginInstance@@QEAAXAEBVPluginError@@@Z 0000000180015470 f   WebCommonLib:PluginInstance.obj
 0001:00014528       ?SetError@PluginInstance@@QEAAXAEBV?$basic_string@DU?$char_traits@D@std@@V?$allocator@D@2@@std@@0_N@Z 0000000180015528 f   WebCommonLib:PluginInstance.obj
 0001:0001458c       ?ParseDataHeader@PluginInstance@@AEAAXXZ 000000018001558c f   WebCommonLib:PluginInstance.obj
 0001:00014834       ?UpdateDownloadDataFile@PluginInstance@@AEAAXXZ 0000000180015834 f   WebCommonLib:PluginInstance.obj
 0001:000149fc       ?UpdateProgress@PluginInstance@@AEAAXXZ 00000001800159fc f   WebCommonLib:PluginInstance.obj
 0001:00014bf4       ?Log@PluginInstance@@QEAAXPEBDZZ 0000000180015bf4 f   WebCommonLib:PluginInstance.obj
 0001:00014c1c       ?StartDownloadBinding2@@YAPEAVDownload@@PEBDPEAVPluginInstance@@PEAXP6AHPEAV1@@ZPEBX_K56@Z 0000000180015c1c f   WebCommonLib:PluginInstance.obj
 0001:00014d2c       ??1?$vector@UWebMessage@@V?$allocator@UWebMessage@@@std@@@std@@QEAA@XZ 0000000180015d2c f i WebCommonLib:PluginInstance.obj
 0001:00014dc4       ?_Reserve@?$vector@UWebMessage@@V?$allocator@UWebMessage@@@std@@@std@@IEAAX_K@Z 0000000180015dc4 f i WebCommonLib:PluginInstance.obj
 0001:00014e68       ?reserve@?$vector@UWebMessage@@V?$allocator@UWebMessage@@@std@@@std@@QEAAX_K@Z 0000000180015e68 f i WebCommonLib:PluginInstance.obj
 0001:00014fec       ?reserve@?$vector@PEAVUnityWebPlayerPluginInstance@@V?$allocator@PEAVUnityWebPlayerPluginInstance@@@std@@@std@@QEAAX_K@Z 0000000180015fec f i WebCommonLib:PluginManager.obj
 0001:00014fec       ?reserve@?$vector@PEAVDownload@@V?$allocator@PEAVDownload@@@std@@@std@@QEAAX_K@Z 0000000180015fec f i WebCommonLib:PluginInstance.obj
 0001:00014fec       ?reserve@?$vector@PEAVPluginInstance@@V?$allocator@PEAVPluginInstance@@@std@@@std@@QEAAX_K@Z 0000000180015fec f i WebCommonLib:PluginManager.obj
 0001:000150f0       ??$tick_downloads@V?$vector@PEAVDownload@@V?$allocator@PEAVDownload@@@std@@@std@@@@YAXAEAV?$vector@PEAVDownload@@V?$allocator@PEAVDownload@@@std@@@std@@@Z 00000001800160f0 f i WebCommonLib:PluginInstance.obj
 0001:000151e4       ??$_Cons_val@V?$allocator@UWebMessage@@@std@@UWebMessage@@U3@@std@@YAXAEAV?$allocator@UWebMessage@@@0@PEAUWebMessage@@$$QEAU2@@Z 00000001800161e4 f i WebCommonLib:PluginInstance.obj
 0001:00015244       ??$_Uninit_move@PEAUWebMessage@@PEAU1@V?$allocator@UWebMessage@@@std@@U1@@std@@YAPEAUWebMessage@@PEAU1@00AEAV?$allocator@UWebMessage@@@0@0U_Nonscalar_ptr_iterator_tag@0@@Z 0000000180016244 f i WebCommonLib:PluginInstance.obj
 0001:00015298       ?NotifyDWWM@BogusVistaDWWMNotifier@@QEAAXPEAUHWND__@@@Z 0000000180016298 f   WebCommonLib:WinWebUtils.obj
 0001:00015320       ?GetTimeUSImpl@?A0x39b84dca@@YA_KXZ 0000000180016320 f   WebCommonLib:WinWebUtils.obj
 0001:0001534c       ?GetTimeUSImplWin7@?A0x39b84dca@@YA_KXZ 000000018001634c f   WebCommonLib:WinWebUtils.obj
 0001:00015378       ?Start@UnityInstanceThread@@QEAAXPEAUHINSTANCE__@@AEAVPluginInstance@@PEAUHWND__@@HH@Z 0000000180016378 f   WebCommonLib:UnityInstanceThread.obj
 0001:0001549c       ?Stop@UnityInstanceThread@@QEAAXXZ 000000018001649c f   WebCommonLib:UnityInstanceThread.obj
 0001:000154e8       ??_GUnityLoader@@QEAAPEAXI@Z 00000001800164e8 f i WebCommonLib:UnityInstanceThread.obj
 0001:0001567c       ?SetParentInfo@UnityInstanceThread@@QEAAXPEAUHWND__@@HH_N@Z 000000018001667c f   WebCommonLib:UnityInstanceThread.obj
 0001:000156e0       ?HandleForeground@UnityInstanceThread@@QEAA_NXZ 00000001800166e0 f   WebCommonLib:UnityInstanceThread.obj
 0001:00015764       ?FetchExternalCalls@UnityInstanceThread@@QEAA?AV?$basic_string@DU?$char_traits@D@std@@V?$allocator@D@2@@std@@XZ 0000000180016764 f   WebCommonLib:UnityInstanceThread.obj
 0001:000159ac       ?erase@?$vector@UWebMessage@@V?$allocator@UWebMessage@@@std@@@std@@QEAA?AV?$_Vector_iterator@V?$_Vector_val@UWebMessage@@V?$allocator@UWebMessage@@@std@@@std@@@2@V?$_Vector_const_iterator@V?$_Vector_val@UWebMessage@@V?$allocator@UWebMessage@@@std@@@std@@@2@0@Z 00000001800169ac f i WebCommonLib:UnityInstanceThread.obj
 0001:00015bd8       ??4VariantValue@@QEAAAEAU0@AEBU0@@Z 0000000180016bd8 f i WebCommonLib:UnityInstanceThread.obj
 0001:00015c20       ??1Setup@progress@@QEAA@XZ 0000000180016c20 f   WebCommonLib:ProgressDisplay.obj
 0001:00015c84       ??0RequiredBundleRevision@@QEAA@W4BundleID@@@Z 0000000180016c84 f i WebCommonLib:RevisionsQuery.obj
 0001:00015d1c       ??1RequiredBundleRevision@@QEAA@XZ 0000000180016d1c f i WebCommonLib:RevisionsQuery.obj
 0001:00015dd8       ??0ShortChannelInfo@RevisionsQuery@@QEAA@V?$basic_string@DU?$char_traits@D@std@@V?$allocator@D@2@@std@@00@Z 0000000180016dd8 f i WebCommonLib:RevisionsQuery.obj
 0001:00015ed0       ?DefaultAutoUpdateURL@@YA?AV?$basic_string@DU?$char_traits@D@std@@V?$allocator@D@2@@std@@W4AutoUpdateURL@@@Z 0000000180016ed0 f   WebCommonLib:RevisionsQuery.obj
 0001:00015fe0       ??1RevisionsQuery@@QEAA@XZ 0000000180016fe0 f   WebCommonLib:RevisionsQuery.obj
 0001:00016158       ?Tick@RevisionsQuery@@QEAAXAEAUUnityWebStreamHeader@@@Z 0000000180017158 f   WebCommonLib:RevisionsQuery.obj
 0001:000164e8       ?URLEscape@@YA?AV?$basic_string@DU?$char_traits@D@std@@V?$allocator@D@2@@std@@AEBV12@@Z 00000001800174e8 f   WebCommonLib:RevisionsQuery.obj
 0001:00016608       ?PluginStartDownloadingData@RevisionsQuery@@QEAAXAEBV?$basic_string@DU?$char_traits@D@std@@V?$allocator@D@2@@std@@00@Z 0000000180017608 f   WebCommonLib:RevisionsQuery.obj
 0001:00016cb0       ?ValidatePlayerHash@RevisionsQuery@@QEAA?AW4PlayerHashValidationResult@@AEBV?$basic_string@DU?$char_traits@D@std@@V?$allocator@D@2@@std@@PEBE_K@Z 0000000180017cb0 f   WebCommonLib:RevisionsQuery.obj
 0001:00017500       ??1?$set@V?$basic_string@DU?$char_traits@D@std@@V?$allocator@D@2@@std@@U?$less@V?$basic_string@DU?$char_traits@D@std@@V?$allocator@D@2@@std@@@2@V?$allocator@V?$basic_string@DU?$char_traits@D@std@@V?$allocator@D@2@@std@@@2@@std@@QEAA@XZ 0000000180018500 f i WebCommonLib:RevisionsQuery.obj
 0001:00017580       ?UpdateRequiredPlayerVersion@RevisionsQuery@@AEAAXAEAURequiredBundleRevision@@AEBUUnityWebStreamHeader@@@Z 0000000180018580 f   WebCommonLib:RevisionsQuery.obj
 0001:000178b4       ?UpdateDownloadBundleRevisionIfNeeded@RequiredBundleRevision@@QEAAXAEAVRevisionsQuery@@@Z 00000001800188b4 f   WebCommonLib:RevisionsQuery.obj
 0001:00017ed4       ?IsReadyToLoad@RequiredBundleRevision@@QEBA_NAEAVRevisionsQuery@@@Z 0000000180018ed4 f   WebCommonLib:RevisionsQuery.obj
 0001:00018080       ?UpdateRequiredMonoVersion@RevisionsQuery@@AEAAXAEAURequiredBundleRevision@@0@Z 0000000180019080 f   WebCommonLib:RevisionsQuery.obj
 0001:000187e8       ?GetMinMaxRequiredRevision@RevisionsQuery@@QEAA_NW4BundleID@@AEBV?$basic_string@DU?$char_traits@D@std@@V?$allocator@D@2@@std@@PEAV34@2PEAH3@Z 00000001800197e8 f   WebCommonLib:RevisionsQuery.obj
 0001:00018900       ?GetMinMaxRequiredRevisionInternal@RevisionsQuery@@AEAAXW4BundleID@@AEBV?$basic_string@DU?$char_traits@D@std@@V?$allocator@D@2@@std@@AEAVMiniXMLFile@@PEAV34@3PEAH4@Z 0000000180019900 f   WebCommonLib:RevisionsQuery.obj
 0001:000190d4       ?GetAutoUpdateURL@RevisionsQuery@@QEAA?BV?$basic_string@DU?$char_traits@D@std@@V?$allocator@D@2@@std@@W4AutoUpdateURL@@_N@Z 000000018001a0d4 f   WebCommonLib:RevisionsQuery.obj
 0001:00019254       ?SetAutoUpdateURL@RevisionsQuery@@QEAAXAEBV?$basic_string@DU?$char_traits@D@std@@V?$allocator@D@2@@std@@@Z 000000018001a254 f   WebCommonLib:RevisionsQuery.obj
 0001:0001941c       ?VerifyAutoUpdateURL@RevisionsQuery@@QEAAXXZ 000000018001a41c f   WebCommonLib:RevisionsQuery.obj
 0001:000197ac       ?push_back@?$basic_string@DU?$char_traits@D@std@@V?$allocator@D@2@@std@@QEAAXD@Z 000000018001a7ac f i WebCommonLib:RevisionsQuery.obj
 0001:000198d8       ?replace@?$basic_string@DU?$char_traits@D@std@@V?$allocator@D@2@@std@@QEAAAEAV12@_K0PEBD0@Z 000000018001a8d8 f i WebCommonLib:RevisionsQuery.obj
 0001:00019ad0       ?_Erase@?$_Tree@V?$_Tset_traits@V?$basic_string@DU?$char_traits@D@std@@V?$allocator@D@2@@std@@U?$less@V?$basic_string@DU?$char_traits@D@std@@V?$allocator@D@2@@std@@@2@V?$allocator@V?$basic_string@DU?$char_traits@D@std@@V?$allocator@D@2@@std@@@2@$0A@@std@@@std@@IEAAXPEAU_Node@?$_Tree_nod@V?$_Tset_traits@V?$basic_string@DU?$char_traits@D@std@@V?$allocator@D@2@@std@@U?$less@V?$basic_string@DU?$char_traits@D@std@@V?$allocator@D@2@@std@@@2@V?$allocator@V?$basic_string@DU?$char_traits@D@std@@V?$allocator@D@2@@std@@@2@$0A@@std@@@2@@Z 000000018001aad0 f i WebCommonLib:RevisionsQuery.obj
 0001:00019b28       ??$insert@V?$basic_string@DU?$char_traits@D@std@@V?$allocator@D@2@@std@@@?$_Tree@V?$_Tset_traits@V?$basic_string@DU?$char_traits@D@std@@V?$allocator@D@2@@std@@U?$less@V?$basic_string@DU?$char_traits@D@std@@V?$allocator@D@2@@std@@@2@V?$allocator@V?$basic_string@DU?$char_traits@D@std@@V?$allocator@D@2@@std@@@2@$0A@@std@@@std@@QEAA?AU?$pair@V?$_Tree_const_iterator@V?$_Tree_val@V?$_Tset_traits@V?$basic_string@DU?$char_traits@D@std@@V?$allocator@D@2@@std@@U?$less@V?$basic_string@DU?$char_traits@D@std@@V?$allocator@D@2@@std@@@2@V?$allocator@V?$basic_string@DU?$char_traits@D@std@@V?$allocator@D@2@@std@@@2@$0A@@std@@@std@@@std@@_N@1@$$QEAV?$basic_string@DU?$char_traits@D@std@@V?$allocator@D@2@@1@@Z 000000018001ab28 f i WebCommonLib:RevisionsQuery.obj
 0001:00019d10       ?_Linsert@?$_Tree@V?$_Tset_traits@UShortChannelInfo@RevisionsQuery@@U?$less@UShortChannelInfo@RevisionsQuery@@@std@@V?$allocator@UShortChannelInfo@RevisionsQuery@@@4@$0A@@std@@@std@@QEAA?AU?$pair@V?$_Tree_const_iterator@V?$_Tree_val@V?$_Tset_traits@UShortChannelInfo@RevisionsQuery@@U?$less@UShortChannelInfo@RevisionsQuery@@@std@@V?$allocator@UShortChannelInfo@RevisionsQuery@@@4@$0A@@std@@@std@@@std@@_N@2@PEAU_Node@?$_Tree_nod@V?$_Tset_traits@UShortChannelInfo@RevisionsQuery@@U?$less@UShortChannelInfo@RevisionsQuery@@@std@@V?$allocator@UShortChannelInfo@RevisionsQuery@@@4@$0A@@std@@@2@_N@Z 000000018001ad10 f i WebCommonLib:RevisionsQuery.obj
 0001:00019f0c       ?_Insert@?$_Tree@V?$_Tset_traits@UShortChannelInfo@RevisionsQuery@@U?$less@UShortChannelInfo@RevisionsQuery@@@std@@V?$allocator@UShortChannelInfo@RevisionsQuery@@@4@$0A@@std@@@std@@IEAA?AV?$_Tree_const_iterator@V?$_Tree_val@V?$_Tset_traits@UShortChannelInfo@RevisionsQuery@@U?$less@UShortChannelInfo@RevisionsQuery@@@std@@V?$allocator@UShortChannelInfo@RevisionsQuery@@@4@$0A@@std@@@std@@@2@_NPEAU_Node@?$_Tree_nod@V?$_Tset_traits@UShortChannelInfo@RevisionsQuery@@U?$less@UShortChannelInfo@RevisionsQuery@@@std@@V?$allocator@UShortChannelInfo@RevisionsQuery@@@4@$0A@@std@@@2@1@Z 000000018001af0c f i WebCommonLib:RevisionsQuery.obj
 0001:0001a1cc       ?_Insert@?$_Tree@V?$_Tset_traits@V?$basic_string@DU?$char_traits@D@std@@V?$allocator@D@2@@std@@U?$less@V?$basic_string@DU?$char_traits@D@std@@V?$allocator@D@2@@std@@@2@V?$allocator@V?$basic_string@DU?$char_traits@D@std@@V?$allocator@D@2@@std@@@2@$0A@@std@@@std@@IEAA?AV?$_Tree_const_iterator@V?$_Tree_val@V?$_Tset_traits@V?$basic_string@DU?$char_traits@D@std@@V?$allocator@D@2@@std@@U?$less@V?$basic_string@DU?$char_traits@D@std@@V?$allocator@D@2@@std@@@2@V?$allocator@V?$basic_string@DU?$char_traits@D@std@@V?$allocator@D@2@@std@@@2@$0A@@std@@@std@@@2@_NPEAU_Node@?$_Tree_nod@V?$_Tset_traits@V?$basic_string@DU?$char_traits@D@std@@V?$allocator@D@2@@std@@U?$less@V?$basic_string@DU?$char_traits@D@std@@V?$allocator@D@2@@std@@@2@V?$allocator@V?$basic_string@DU?$char_traits@D@std@@V?$allocator@D@2@@std@@@2@$0A@@std@@@2@1@Z 000000018001b1cc f i WebCommonLib:RevisionsQuery.obj
 0001:0001a45c       ??$_Buynode@V?$basic_string@DU?$char_traits@D@std@@V?$allocator@D@2@@std@@@?$_Tree_val@V?$_Tset_traits@V?$basic_string@DU?$char_traits@D@std@@V?$allocator@D@2@@std@@U?$less@V?$basic_string@DU?$char_traits@D@std@@V?$allocator@D@2@@std@@@2@V?$allocator@V?$basic_string@DU?$char_traits@D@std@@V?$allocator@D@2@@std@@@2@$0A@@std@@@std@@QEAAPEAU_Node@?$_Tree_nod@V?$_Tset_traits@V?$basic_string@DU?$char_traits@D@std@@V?$allocator@D@2@@std@@U?$less@V?$basic_string@DU?$char_traits@D@std@@V?$allocator@D@2@@std@@@2@V?$allocator@V?$basic_string@DU?$char_traits@D@std@@V?$allocator@D@2@@std@@@2@$0A@@std@@@1@$$QEAV?$basic_string@DU?$char_traits@D@std@@V?$allocator@D@2@@1@@Z 000000018001b45c f i WebCommonLib:RevisionsQuery.obj
 0001:0001a528       ??$_Buynode@UShortChannelInfo@RevisionsQuery@@@?$_Tree_val@V?$_Tset_traits@UShortChannelInfo@RevisionsQuery@@U?$less@UShortChannelInfo@RevisionsQuery@@@std@@V?$allocator@UShortChannelInfo@RevisionsQuery@@@4@$0A@@std@@@std@@QEAAPEAU_Node@?$_Tree_nod@V?$_Tset_traits@UShortChannelInfo@RevisionsQuery@@U?$less@UShortChannelInfo@RevisionsQuery@@@std@@V?$allocator@UShortChannelInfo@RevisionsQuery@@@4@$0A@@std@@@1@$$QEAUShortChannelInfo@RevisionsQuery@@@Z 000000018001b528 f i WebCommonLib:RevisionsQuery.obj
 0001:0001a528       ??$_Buynode@AEAUShortChannelInfo@RevisionsQuery@@@?$_Tree_val@V?$_Tset_traits@UShortChannelInfo@RevisionsQuery@@U?$less@UShortChannelInfo@RevisionsQuery@@@std@@V?$allocator@UShortChannelInfo@RevisionsQuery@@@4@$0A@@std@@@std@@QEAAPEAU_Node@?$_Tree_nod@V?$_Tset_traits@UShortChannelInfo@RevisionsQuery@@U?$less@UShortChannelInfo@RevisionsQuery@@@std@@V?$allocator@UShortChannelInfo@RevisionsQuery@@@4@$0A@@std@@@1@AEAUShortChannelInfo@RevisionsQuery@@@Z 000000018001b528 f i UnityWebPlayerPlugin.obj
 0001:0001a5d8       ??0Logger@@QEAA@AEBV?$basic_string@DU?$char_traits@D@std@@V?$allocator@D@2@@std@@@Z 000000018001b5d8 f   WebCommonLib:Logger.obj
 0001:0001a6dc       ?Log@Logger@@QEAAXPEBDZZ   000000018001b6dc f   WebCommonLib:Logger.obj
 0001:0001a700       ?VLog@Logger@@QEAAXPEBDPEAD@Z 000000018001b700 f   WebCommonLib:Logger.obj
 0001:0001a7f4       ??0SimpleString@@QEAA@PEBDK@Z 000000018001b7f4 f   WebCommonLib:WebScripting.obj
 0001:0001a85c       ??0SimpleString@@QEAA@AEBU0@@Z 000000018001b85c f   WebCommonLib:WebScripting.obj
 0001:0001a8a8       ??4SimpleString@@QEAAXAEBU0@@Z 000000018001b8a8 f   WebCommonLib:WebScripting.obj
 0001:0001a904       ??0VariantArray@VariantValue@@QEAA@HPEBU1@@Z 000000018001b904 f   WebCommonLib:WebScripting.obj
 0001:0001a9f0       ??0VariantArray@VariantValue@@QEAA@AEBU01@@Z 000000018001b9f0 f   WebCommonLib:WebScripting.obj
 0001:0001ac08       ??4VariantArray@VariantValue@@QEAAXAEBU01@@Z 000000018001bc08 f   WebCommonLib:WebScripting.obj
 0001:0001ad6c       ??1VariantArray@VariantValue@@QEAA@XZ 000000018001bd6c f   WebCommonLib:WebScripting.obj
 0001:0001add4       ?Parse@MiniXMLFile@@QEAA_NPEBD_K@Z 000000018001bdd4 f   WebCommonLib:MiniXmlFile.obj
 0001:0001ae98       ?Parse@MiniXMLFile@@QEAA_NAEBV?$basic_string@DU?$char_traits@D@std@@V?$allocator@D@2@@std@@@Z 000000018001be98 f   WebCommonLib:MiniXmlFile.obj
 0001:0001afe4       ?GetStringValue@MiniXMLFile@@QEAA?AV?$basic_string@DU?$char_traits@D@std@@V?$allocator@D@2@@std@@AEBV23@PEBX@Z 000000018001bfe4 f   WebCommonLib:MiniXmlFile.obj
 0001:0001b0d8       ?GetArrayCount@MiniXMLFile@@QEAAHAEBV?$basic_string@DU?$char_traits@D@std@@V?$allocator@D@2@@std@@PEBX@Z 000000018001c0d8 f   WebCommonLib:MiniXmlFile.obj
 0001:0001b170       ?GetArrayElementString@MiniXMLFile@@QEAA?AV?$basic_string@DU?$char_traits@D@std@@V?$allocator@D@2@@std@@AEBV23@HPEBX@Z 000000018001c170 f   WebCommonLib:MiniXmlFile.obj
 0001:0001b2a4       ?OpenServer@PipeRoot@@QEAA_NPEB_W0@Z 000000018001c2a4 f i WebCommonLib:UpdaterProxy.obj
 0001:0001b40c       ?OpenClient@PipeRoot@@QEAA_NPEB_W@Z 000000018001c40c f i WebCommonLib:UpdaterProxy.obj
 0001:0001b668       ?Open@UpdateOperation@UpdaterProxy@@QEAA_NAEBV?$Handle@PEAXVFileHandleRoot@@$0?0@@@Z 000000018001c668 f   WebCommonLib:UpdaterProxy.obj
 0001:0001b718       ?BeginUpdate@UpdaterProxy@@QEAAIPEB_W_N00PEAUHWND__@@1@Z 000000018001c718 f   WebCommonLib:UpdaterProxy.obj
 0001:0001bbe0       ?UpdaterThread@?A0x2e28b004@@YAKPEAX@Z 000000018001cbe0 f   WebCommonLib:UpdaterProxy.obj
 0001:0001be3c       ?LaunchUpdater@UpdaterProxy@@AEAA_NPEAUHWND__@@_N@Z 000000018001ce3c f   WebCommonLib:UpdaterProxy.obj
 0001:0001c380       ?GetUpdateStatus@UpdaterProxy@@QEAA?AW4UpdateStatus@1@I@Z 000000018001d380 f   WebCommonLib:UpdaterProxy.obj
 0001:0001c404       ?UpdateOperations@UpdaterProxy@@AEAAXXZ 000000018001d404 f   WebCommonLib:UpdaterProxy.obj
 0001:0001c674       ?append@?$basic_string@_WU?$char_traits@_W@std@@V?$allocator@_W@2@@std@@QEAAAEAV12@PEB_W_K@Z 000000018001d674 f i WebCommonLib:UpdaterProxy.obj
 0001:0001c7c8       ?_Buynode@?$_List_val@V?$ResourcePtr@VUpdateOperation@UpdaterProxy@@@@V?$allocator@V?$ResourcePtr@VUpdateOperation@UpdaterProxy@@@@@std@@@std@@QEAAPEAU_Node@?$_List_nod@V?$ResourcePtr@VUpdateOperation@UpdaterProxy@@@@V?$allocator@V?$ResourcePtr@VUpdateOperation@UpdaterProxy@@@@@std@@@2@PEAU342@0AEBV?$ResourcePtr@VUpdateOperation@UpdaterProxy@@@@@Z 000000018001d7c8 f i WebCommonLib:UpdaterProxy.obj
 0001:0001c868       ?append@?$basic_string@_WU?$char_traits@_W@std@@V?$allocator@_W@2@@std@@QEAAAEAV12@AEBV12@_K1@Z 000000018001d868 f i WebCommonLib:UpdaterProxy.obj
 0001:0001c98c       ??$insert@U?$pair@$$CBIW4UpdateStatus@UpdaterProxy@@@std@@@?$_Tree@V?$_Tmap_traits@IW4UpdateStatus@UpdaterProxy@@U?$less@I@std@@V?$allocator@U?$pair@$$CBIW4UpdateStatus@UpdaterProxy@@@std@@@4@$0A@@std@@@std@@QEAA?AU?$pair@V?$_Tree_iterator@V?$_Tree_val@V?$_Tmap_traits@IW4UpdateStatus@UpdaterProxy@@U?$less@I@std@@V?$allocator@U?$pair@$$CBIW4UpdateStatus@UpdaterProxy@@@std@@@4@$0A@@std@@@std@@@std@@_N@1@$$QEAU?$pair@$$CBIW4UpdateStatus@UpdaterProxy@@@1@@Z 000000018001d98c f i WebCommonLib:UpdaterProxy.obj
 0001:0001ca80       ?_Insert@?$_Tree@V?$_Tmap_traits@IW4UpdateStatus@UpdaterProxy@@U?$less@I@std@@V?$allocator@U?$pair@$$CBIW4UpdateStatus@UpdaterProxy@@@std@@@4@$0A@@std@@@std@@IEAA?AV?$_Tree_iterator@V?$_Tree_val@V?$_Tmap_traits@IW4UpdateStatus@UpdaterProxy@@U?$less@I@std@@V?$allocator@U?$pair@$$CBIW4UpdateStatus@UpdaterProxy@@@std@@@4@$0A@@std@@@std@@@2@_NPEAU_Node@?$_Tree_nod@V?$_Tmap_traits@IW4UpdateStatus@UpdaterProxy@@U?$less@I@std@@V?$allocator@U?$pair@$$CBIW4UpdateStatus@UpdaterProxy@@@std@@@4@$0A@@std@@@2@1@Z 000000018001da80 f i WebCommonLib:UpdaterProxy.obj
[...]
 0001:0004ade9       __catch$??$_Buynode@U?$pair@PEAVDownloaderNetscape@@PEAU_NPStream@@@std@@@?$_Tree_val@V?$_Tmap_traits@PEAVDownload@@PEAU_NPStream@@U?$less@PEAVDownload@@@std@@V?$allocator@U?$pair@QEAVDownload@@PEAU_NPStream@@@std@@@4@$0A@@std@@@std@@QEAAPEAU_Node@?$_Tree_nod@V?$_Tmap_traits@PEAVDownload@@PEAU_NPStream@@U?$less@PEAVDownload@@@std@@V?$allocator@U?$pair@QEAVDownload@@PEAU_NPStream@@@std@@@4@$0A@@std@@@1@$$QEAU?$pair@PEAVDownloaderNetscape@@PEAU_NPStream@@@1@@Z$0 000000018004bde9 f    CIL library: CIL module
 0001:0004adfc       ?catch$0@?0???$_Buynode@U?$pair@_KPEAVDownloaderNetscape@@@std@@@?$_Tree_val@V?$_Tmap_traits@_KPEAVDownloaderNetscape@@U?$less@_K@std@@V?$allocator@U?$pair@$$CB_KPEAVDownloaderNetscape@@@std@@@3@$0A@@std@@@std@@QEAAPEAU_Node@?$_Tree_nod@V?$_Tmap_traits@_KPEAVDownloaderNetscape@@U?$less@_K@std@@V?$allocator@U?$pair@$$CB_KPEAVDownloaderNetscape@@@std@@@3@$0A@@std@@@1@$$QEAU?$pair@_KPEAVDownloaderNetscape@@@1@@Z@4HA 000000018004bdfc f    CIL library: CIL module
 0001:0004ae09       __catch$??$_Buynode@U?$pair@_KPEAVDownloaderNetscape@@@std@@@?$_Tree_val@V?$_Tmap_traits@_KPEAVDownloaderNetscape@@U?$less@_K@std@@V?$allocator@U?$pair@$$CB_KPEAVDownloaderNetscape@@@std@@@3@$0A@@std@@@std@@QEAAPEAU_Node@?$_Tree_nod@V?$_Tmap_traits@_KPEAVDownloaderNetscape@@U?$less@_K@std@@V?$allocator@U?$pair@$$CB_KPEAVDownloaderNetscape@@@std@@@3@$0A@@std@@@1@$$QEAU?$pair@_KPEAVDownloaderNetscape@@@1@@Z$0 000000018004be09 f    CIL library: CIL module
 0001:0004ae1c       ?catch$1@?0??_Copy@?$basic_string@DU?$char_traits@D@std@@V?$allocator@D@2@@std@@QEAAX_K0@Z@4HA 000000018004be1c f    CIL library: CIL module
 0001:0004ae29       __catch$?_Copy@?$basic_string@DU?$char_traits@D@std@@V?$allocator@D@2@@std@@QEAAX_K0@Z$0 000000018004be29 f    CIL library: CIL module
 0001:0004ae9c       ?catch$0@?0??_Copy@?$basic_string@DU?$char_traits@D@std@@V?$allocator@D@2@@std@@QEAAX_K0@Z@4HA 000000018004be9c f    CIL library: CIL module
 0001:0004aeaa       __catch$?_Copy@?$basic_string@DU?$char_traits@D@std@@V?$allocator@D@2@@std@@QEAAX_K0@Z$1 000000018004beaa f    CIL library: CIL module
 0001:0004aeda       ?catch$0@?0??_Copy@?$_Tree@V?$_Tset_traits@UShortChannelInfo@RevisionsQuery@@U?$less@UShortChannelInfo@RevisionsQuery@@@std@@V?$allocator@UShortChannelInfo@RevisionsQuery@@@4@$0A@@std@@@std@@IEAAPEAU_Node@?$_Tree_nod@V?$_Tset_traits@UShortChannelInfo@RevisionsQuery@@U?$less@UShortChannelInfo@RevisionsQuery@@@std@@V?$allocator@UShortChannelInfo@RevisionsQuery@@@4@$0A@@std@@@2@PEAU342@0@Z@4HA 000000018004beda f    CIL library: CIL module
 0001:0004aee9       __catch$?_Copy@?$_Tree@V?$_Tset_traits@UShortChannelInfo@RevisionsQuery@@U?$less@UShortChannelInfo@RevisionsQuery@@@std@@V?$allocator@UShortChannelInfo@RevisionsQuery@@@4@$0A@@std@@@std@@IEAAPEAU_Node@?$_Tree_nod@V?$_Tset_traits@UShortChannelInfo@RevisionsQuery@@U?$less@UShortChannelInfo@RevisionsQuery@@@std@@V?$allocator@UShortChannelInfo@RevisionsQuery@@@4@$0A@@std@@@2@PEAU342@0@Z$0 000000018004bee9 f    CIL library: CIL module
 0001:0004af30       ?catch$0@?0???0?$_Tree@V?$_Tset_traits@UShortChannelInfo@RevisionsQuery@@U?$less@UShortChannelInfo@RevisionsQuery@@@std@@V?$allocator@UShortChannelInfo@RevisionsQuery@@@4@$0A@@std@@@std@@QEAA@AEBV01@@Z@4HA 000000018004bf30 f    CIL library: CIL module
 0001:0004af40       __catch$??0?$_Tree@V?$_Tset_traits@UShortChannelInfo@RevisionsQuery@@U?$less@UShortChannelInfo@RevisionsQuery@@@std@@V?$allocator@UShortChannelInfo@RevisionsQuery@@@4@$0A@@std@@@std@@QEAA@AEBV01@@Z$0 000000018004bf40 f    CIL library: CIL module
 0001:0004afaa       ?catch$0@?0???$_Insert@V?$_List_const_iterator@V?$_List_val@VPortRange@@V?$allocator@VPortRange@@@std@@@std@@@std@@@?$list@VPortRange@@V?$allocator@VPortRange@@@std@@@std@@QEAAXV?$_List_const_iterator@V?$_List_val@VPortRange@@V?$allocator@VPortRange@@@std@@@std@@@1@00Uforward_iterator_tag@1@@Z@4HA 000000018004bfaa f    CIL library: CIL module
 0001:0004afb9       __catch$??$_Insert@V?$_List_const_iterator@V?$_List_val@VPortRange@@V?$allocator@VPortRange@@@std@@@std@@@std@@@?$list@VPortRange@@V?$allocator@VPortRange@@@std@@@std@@QEAAXV?$_List_const_iterator@V?$_List_val@VPortRange@@V?$allocator@VPortRange@@@std@@@std@@@1@00Uforward_iterator_tag@1@@Z$0 000000018004bfb9 f    CIL library: CIL module
 0001:0004b00b       ?catch$0@?0???$_Buynode@U?$pair@$$CBV?$basic_string@DU?$char_traits@D@std@@V?$allocator@D@2@@std@@PEAVCrossdomainPolicy@@@std@@@?$_Tree_val@V?$_Tmap_traits@V?$basic_string@DU?$char_traits@D@std@@V?$allocator@D@2@@std@@PEAVCrossdomainPolicy@@U?$less@V?$basic_string@DU?$char_traits@D@std@@V?$allocator@D@2@@std@@@2@V?$allocator@U?$pair@$$CBV?$basic_string@DU?$char_traits@D@std@@V?$allocator@D@2@@std@@PEAVCrossdomainPolicy@@@std@@@2@$0A@@std@@@std@@QEAAPEAU_Node@?$_Tree_nod@V?$_Tmap_traits@V?$basic_string@DU?$char_traits@D@std@@V?$allocator@D@2@@std@@PEAVCrossdomainPolicy@@U?$less@V?$basic_string@DU?$char_traits@D@std@@V?$allocator@D@2@@std@@@2@V?$allocator@U?$pair@$$CBV?$basic_string@DU?$char_traits@D@std@@V?$allocator@D@2@@std@@PEAVCrossdomainPolicy@@@std@@@2@$0A@@std@@@1@$$QEAU?$pair@$$CBV?$basic_string@DU?$char_traits@D@std@@V?$allocator@D@2@@std@@PEAVCrossdomainPolicy@@@1@@Z@4HA 000000018004c00b f    CIL library: CIL module
 0001:0004b018       __catch$??$_Buynode@U?$pair@$$CBV?$basic_string@DU?$char_traits@D@std@@V?$allocator@D@2@@std@@PEAVCrossdomainPolicy@@@std@@@?$_Tree_val@V?$_Tmap_traits@V?$basic_string@DU?$char_traits@D@std@@V?$allocator@D@2@@std@@PEAVCrossdomainPolicy@@U?$less@V?$basic_string@DU?$char_traits@D@std@@V?$allocator@D@2@@std@@@2@V?$allocator@U?$pair@$$CBV?$basic_string@DU?$char_traits@D@std@@V?$allocator@D@2@@std@@PEAVCrossdomainPolicy@@@std@@@2@$0A@@std@@@std@@QEAAPEAU_Node@?$_Tree_nod@V?$_Tmap_traits@V?$basic_string@DU?$char_traits@D@std@@V?$allocator@D@2@@std@@PEAVCrossdomainPolicy@@U?$less@V?$basic_string@DU?$char_traits@D@std@@V?$allocator@D@2@@std@@@2@V?$allocator@U?$pair@$$CBV?$basic_string@DU?$char_traits@D@std@@V?$allocator@D@2@@std@@PEAVCrossdomainPolicy@@@std@@@2@$0A@@std@@@1@$$QEAU?$pair@$$CBV?$basic_string@DU?$char_traits@D@std@@V?$allocator@D@2@@std@@PEAVCrossdomainPolicy@@@1@@Z$0 000000018004c018 f    CIL library: CIL module
 0001:0004b02b       ?catch$0@?0???$_Buynode@U?$pair@$$CBV?$basic_string@DU?$char_traits@D@std@@V?$allocator@D@2@@std@@V?$list@PEAVDownloaderNetscape@@V?$allocator@PEAVDownloaderNetscape@@@std@@@2@@std@@@?$_Tree_val@V?$_Tmap_traits@V?$basic_string@DU?$char_traits@D@std@@V?$allocator@D@2@@std@@V?$list@PEAVDownloaderNetscape@@V?$allocator@PEAVDownloaderNetscape@@@std@@@2@U?$less@V?$basic_string@DU?$char_traits@D@std@@V?$allocator@D@2@@std@@@2@V?$allocator@U?$pair@$$CBV?$basic_string@DU?$char_traits@D@std@@V?$allocator@D@2@@std@@V?$list@PEAVDownloaderNetscape@@V?$allocator@PEAVDownloaderNetscape@@@std@@@2@@std@@@2@$0A@@std@@@std@@QEAAPEAU_Node@?$_Tree_nod@V?$_Tmap_traits@V?$basic_string@DU?$char_traits@D@std@@V?$allocator@D@2@@std@@V?$list@PEAVDownloaderNetscape@@V?$allocator@PEAVDownloaderNetscape@@@std@@@2@U?$less@V?$basic_string@DU?$char_traits@D@std@@V?$allocator@D@2@@std@@@2@V?$allocator@U?$pair@$$CBV?$basic_string@DU?$char_traits@D@std@@V?$allocator@D@2@@std@@V?$list@PEAVDownloaderNetscape@@V?$allocator@PEAVDownloaderNetscape@@@std@@@2@@std@@@2@$0A@@std@@@1@$$QEAU?$pair@$$CBV?$basic_string@DU?$char_traits@D@std@@V?$allocator@D@2@@std@@V?$list@PEAVDownloaderNetscape@@V?$allocator@PEAVDownloaderNetscape@@@std@@@2@@1@@Z@4HA 000000018004c02b f    CIL library: CIL module
 0001:0004b038       __catch$??$_Buynode@U?$pair@$$CBV?$basic_string@DU?$char_traits@D@std@@V?$allocator@D@2@@std@@V?$list@PEAVDownloaderNetscape@@V?$allocator@PEAVDownloaderNetscape@@@std@@@2@@std@@@?$_Tree_val@V?$_Tmap_traits@V?$basic_string@DU?$char_traits@D@std@@V?$allocator@D@2@@std@@V?$list@PEAVDownloaderNetscape@@V?$allocator@PEAVDownloaderNetscape@@@std@@@2@U?$less@V?$basic_string@DU?$char_traits@D@std@@V?$allocator@D@2@@std@@@2@V?$allocator@U?$pair@$$CBV?$basic_string@DU?$char_traits@D@std@@V?$allocator@D@2@@std@@V?$list@PEAVDownloaderNetscape@@V?$allocator@PEAVDownloaderNetscape@@@std@@@2@@std@@@2@$0A@@std@@@std@@QEAAPEAU_Node@?$_Tree_nod@V?$_Tmap_traits@V?$basic_string@DU?$char_traits@D@std@@V?$allocator@D@2@@std@@V?$list@PEAVDownloaderNetscape@@V?$allocator@PEAVDownloaderNetscape@@@std@@@2@U?$less@V?$basic_string@DU?$char_traits@D@std@@V?$allocator@D@2@@std@@@2@V?$allocator@U?$pair@$$CBV?$basic_string@DU?$char_traits@D@std@@V?$allocator@D@2@@std@@V?$list@PEAVDownloaderNetscape@@V?$allocator@PEAVDownloaderNetscape@@@std@@@2@@std@@@2@$0A@@std@@@1@$$QEAU?$pair@$$CBV?$basic_string@DU?$char_traits@D@std@@V?$allocator@D@2@@std@@V?$list@PEAVDownloaderNetscape@@V?$allocator@PEAVDownloaderNetscape@@@std@@@2@@1@@Z$0 000000018004c038 f    CIL library: CIL module
 0001:0004b04b       ?catch$0@?0???0?$list@VPortRange@@V?$allocator@VPortRange@@@std@@@std@@QEAA@AEBV01@@Z@4HA 000000018004c04b f    CIL library: CIL module
 0001:0004b05a       __catch$??0?$list@VPortRange@@V?$allocator@VPortRange@@@std@@@std@@QEAA@AEBV01@@Z$0 000000018004c05a f    CIL library: CIL module
 0001:0004b092       ?catch$0@?0???$_Construct@PEBE@?$basic_string@DU?$char_traits@D@std@@V?$allocator@D@2@@std@@QEAAXPEBE0Uforward_iterator_tag@1@@Z@4HA 000000018004c092 f    CIL library: CIL module
 0001:0004b0a0       __catch$??$_Construct@PEBE@?$basic_string@DU?$char_traits@D@std@@V?$allocator@D@2@@std@@QEAAXPEBE0Uforward_iterator_tag@1@@Z$0 000000018004c0a0 f    CIL library: CIL module
 0001:0004b0cd       ?catch$0@?0???$_Buynode@UShortChannelInfo@RevisionsQuery@@@?$_Tree_val@V?$_Tset_traits@UShortChannelInfo@RevisionsQuery@@U?$less@UShortChannelInfo@RevisionsQuery@@@std@@V?$allocator@UShortChannelInfo@RevisionsQuery@@@4@$0A@@std@@@std@@QEAAPEAU_Node@?$_Tree_nod@V?$_Tset_traits@UShortChannelInfo@RevisionsQuery@@U?$less@UShortChannelInfo@RevisionsQuery@@@std@@V?$allocator@UShortChannelInfo@RevisionsQuery@@@4@$0A@@std@@@1@$$QEAUShortChannelInfo@RevisionsQuery@@@Z@4HA 000000018004c0cd f    CIL library: CIL module
 0001:0004b0cd       ?catch$0@?0???$_Buynode@AEAUShortChannelInfo@RevisionsQuery@@@?$_Tree_val@V?$_Tset_traits@UShortChannelInfo@RevisionsQuery@@U?$less@UShortChannelInfo@RevisionsQuery@@@std@@V?$allocator@UShortChannelInfo@RevisionsQuery@@@4@$0A@@std@@@std@@QEAAPEAU_Node@?$_Tree_nod@V?$_Tset_traits@UShortChannelInfo@RevisionsQuery@@U?$less@UShortChannelInfo@RevisionsQuery@@@std@@V?$allocator@UShortChannelInfo@RevisionsQuery@@@4@$0A@@std@@@1@AEAUShortChannelInfo@RevisionsQuery@@@Z@4HA 000000018004c0cd f    CIL library: CIL module
 0001:0004b0da       __catch$??$_Buynode@UShortChannelInfo@RevisionsQuery@@@?$_Tree_val@V?$_Tset_traits@UShortChannelInfo@RevisionsQuery@@U?$less@UShortChannelInfo@RevisionsQuery@@@std@@V?$allocator@UShortChannelInfo@RevisionsQuery@@@4@$0A@@std@@@std@@QEAAPEAU_Node@?$_Tree_nod@V?$_Tset_traits@UShortChannelInfo@RevisionsQuery@@U?$less@UShortChannelInfo@RevisionsQuery@@@std@@V?$allocator@UShortChannelInfo@RevisionsQuery@@@4@$0A@@std@@@1@$$QEAUShortChannelInfo@RevisionsQuery@@@Z$0 000000018004c0da f    CIL library: CIL module
 0001:0004b0da       __catch$??$_Buynode@AEAUShortChannelInfo@RevisionsQuery@@@?$_Tree_val@V?$_Tset_traits@UShortChannelInfo@RevisionsQuery@@U?$less@UShortChannelInfo@RevisionsQuery@@@std@@V?$allocator@UShortChannelInfo@RevisionsQuery@@@4@$0A@@std@@@std@@QEAAPEAU_Node@?$_Tree_nod@V?$_Tset_traits@UShortChannelInfo@RevisionsQuery@@U?$less@UShortChannelInfo@RevisionsQuery@@@std@@V?$allocator@UShortChannelInfo@RevisionsQuery@@@4@$0A@@std@@@1@AEAUShortChannelInfo@RevisionsQuery@@@Z$0 000000018004c0da f    CIL library: CIL module
 0001:0004b0ed       ?catch$0@?0???$_Buynode@V?$basic_string@DU?$char_traits@D@std@@V?$allocator@D@2@@std@@@?$_Tree_val@V?$_Tset_traits@V?$basic_string@DU?$char_traits@D@std@@V?$allocator@D@2@@std@@U?$less@V?$basic_string@DU?$char_traits@D@std@@V?$allocator@D@2@@std@@@2@V?$allocator@V?$basic_string@DU?$char_traits@D@std@@V?$allocator@D@2@@std@@@2@$0A@@std@@@std@@QEAAPEAU_Node@?$_Tree_nod@V?$_Tset_traits@V?$basic_string@DU?$char_traits@D@std@@V?$allocator@D@2@@std@@U?$less@V?$basic_string@DU?$char_traits@D@std@@V?$allocator@D@2@@std@@@2@V?$allocator@V?$basic_string@DU?$char_traits@D@std@@V?$allocator@D@2@@std@@@2@$0A@@std@@@1@$$QEAV?$basic_string@DU?$char_traits@D@std@@V?$allocator@D@2@@1@@Z@4HA 000000018004c0ed f    CIL library: CIL module
 0001:0004b0fa       __catch$??$_Buynode@V?$basic_string@DU?$char_traits@D@std@@V?$allocator@D@2@@std@@@?$_Tree_val@V?$_Tset_traits@V?$basic_string@DU?$char_traits@D@std@@V?$allocator@D@2@@std@@U?$less@V?$basic_string@DU?$char_traits@D@std@@V?$allocator@D@2@@std@@@2@V?$allocator@V?$basic_string@DU?$char_traits@D@std@@V?$allocator@D@2@@std@@@2@$0A@@std@@@std@@QEAAPEAU_Node@?$_Tree_nod@V?$_Tset_traits@V?$basic_string@DU?$char_traits@D@std@@V?$allocator@D@2@@std@@U?$less@V?$basic_string@DU?$char_traits@D@std@@V?$allocator@D@2@@std@@@2@V?$allocator@V?$basic_string@DU?$char_traits@D@std@@V?$allocator@D@2@@std@@@2@$0A@@std@@@1@$$QEAV?$basic_string@DU?$char_traits@D@std@@V?$allocator@D@2@@1@@Z$0 000000018004c0fa f    CIL library: CIL module
 0001:0004b10d       ?catch$0@?0???$_Uninit_move@PEAUUpdateInfo@PluginManager@@PEAU12@V?$allocator@UUpdateInfo@PluginManager@@@std@@U12@@std@@YAPEAUUpdateInfo@PluginManager@@PEAU12@00AEAV?$allocator@UUpdateInfo@PluginManager@@@0@0U_Nonscalar_ptr_iterator_tag@0@@Z@4HA 000000018004c10d f    CIL library: CIL module
 0001:0004b11b       __catch$??$_Uninit_move@PEAUUpdateInfo@PluginManager@@PEAU12@V?$allocator@UUpdateInfo@PluginManager@@@std@@U12@@std@@YAPEAUUpdateInfo@PluginManager@@PEAU12@00AEAV?$allocator@UUpdateInfo@PluginManager@@@0@0U_Nonscalar_ptr_iterator_tag@0@@Z$0 000000018004c11b f    CIL library: CIL module
 0001:0004b13d       ?catch$0@?0??reserve@?$vector@UUpdateInfo@PluginManager@@V?$allocator@UUpdateInfo@PluginManager@@@std@@@std@@QEAAX_K@Z@4HA 000000018004c13d f    CIL library: CIL module
 0001:0004b14a       __catch$?reserve@?$vector@UUpdateInfo@PluginManager@@V?$allocator@UUpdateInfo@PluginManager@@@std@@@std@@QEAAX_K@Z$0 000000018004c14a f    CIL library: CIL module
 0001:0004b15d       ?catch$0@?0???$_Uninit_move@PEAUItem@ContextSubmenu@@PEAU12@V?$allocator@UItem@ContextSubmenu@@@std@@U12@@std@@YAPEAUItem@ContextSubmenu@@PEAU12@00AEAV?$allocator@UItem@ContextSubmenu@@@0@0U_Nonscalar_ptr_iterator_tag@0@@Z@4HA 000000018004c15d f    CIL library: CIL module
 0001:0004b16b       __catch$??$_Uninit_move@PEAUItem@ContextSubmenu@@PEAU12@V?$allocator@UItem@ContextSubmenu@@@std@@U12@@std@@YAPEAUItem@ContextSubmenu@@PEAU12@00AEAV?$allocator@UItem@ContextSubmenu@@@0@0U_Nonscalar_ptr_iterator_tag@0@@Z$0 000000018004c16b f    CIL library: CIL module
 0001:0004b1b2       ?catch$0@?0??reserve@?$vector@UItem@ContextSubmenu@@V?$allocator@UItem@ContextSubmenu@@@std@@@std@@QEAAX_K@Z@4HA 000000018004c1b2 f    CIL library: CIL module
 0001:0004b1bf       __catch$?reserve@?$vector@UItem@ContextSubmenu@@V?$allocator@UItem@ContextSubmenu@@@std@@@std@@QEAAX_K@Z$0 000000018004c1bf f    CIL library: CIL module
 0001:0004b1d2       ?catch$0@?0??_Buynode@?$_List_val@VCrossdomainPolicyEntry@@V?$allocator@VCrossdomainPolicyEntry@@@std@@@std@@QEAAPEAU_Node@?$_List_nod@VCrossdomainPolicyEntry@@V?$allocator@VCrossdomainPolicyEntry@@@std@@@2@PEAU342@0AEBVCrossdomainPolicyEntry@@@Z@4HA 000000018004c1d2 f    CIL library: CIL module
 0001:0004b1df       __catch$?_Buynode@?$_List_val@VCrossdomainPolicyEntry@@V?$allocator@VCrossdomainPolicyEntry@@@std@@@std@@QEAAPEAU_Node@?$_List_nod@VCrossdomainPolicyEntry@@V?$allocator@VCrossdomainPolicyEntry@@@std@@@2@PEAU342@0AEBVCrossdomainPolicyEntry@@@Z$0 000000018004c1df f    CIL library: CIL module
 0001:0004b1f2       ?catch$0@?0???$_Uninit_move@PEAUWebMessage@@PEAU1@V?$allocator@UWebMessage@@@std@@U1@@std@@YAPEAUWebMessage@@PEAU1@00AEAV?$allocator@UWebMessage@@@0@0U_Nonscalar_ptr_iterator_tag@0@@Z@4HA 000000018004c1f2 f    CIL library: CIL module
 0001:0004b200       __catch$??$_Uninit_move@PEAUWebMessage@@PEAU1@V?$allocator@UWebMessage@@@std@@U1@@std@@YAPEAUWebMessage@@PEAU1@00AEAV?$allocator@UWebMessage@@@0@0U_Nonscalar_ptr_iterator_tag@0@@Z$0 000000018004c200 f    CIL library: CIL module
 0001:0004b258       ?catch$0@?0??reserve@?$vector@UWebMessage@@V?$allocator@UWebMessage@@@std@@@std@@QEAAX_K@Z@4HA 000000018004c258 f    CIL library: CIL module
 0001:0004b265       __catch$?reserve@?$vector@UWebMessage@@V?$allocator@UWebMessage@@@std@@@std@@QEAAX_K@Z$0 000000018004c265 f    CIL library: CIL module
 0001:0004b278       ?catch$0@?0???$_Uninit_move@PEAUVariantValue@@PEAU1@V?$allocator@UVariantValue@@@std@@U1@@std@@YAPEAUVariantValue@@PEAU1@00AEAV?$allocator@UVariantValue@@@0@0U_Nonscalar_ptr_iterator_tag@0@@Z@4HA 000000018004c278 f    CIL library: CIL module
 0001:0004b286       __catch$??$_Uninit_move@PEAUVariantValue@@PEAU1@V?$allocator@UVariantValue@@@std@@U1@@std@@YAPEAUVariantValue@@PEAU1@00AEAV?$allocator@UVariantValue@@@0@0U_Nonscalar_ptr_iterator_tag@0@@Z$0 000000018004c286 f    CIL library: CIL module
 0001:0004b2c2       ?catch$0@?0??reserve@?$vector@UVariantValue@@V?$allocator@UVariantValue@@@std@@@std@@QEAAX_K@Z@4HA 000000018004c2c2 f    CIL library: CIL module
 0001:0004b2cf       __catch$?reserve@?$vector@UVariantValue@@V?$allocator@UVariantValue@@@std@@@std@@QEAAX_K@Z$0 000000018004c2cf f    CIL library: CIL module
 0001:0004b2e4       ??__Eg_Downloads@@YAXXZ    000000018004c2e4 f    CIL library: CIL module
 0001:0004b370       ??__Eg_DownloaderToStream@@YAXXZ 000000018004c370 f    CIL library: CIL module
 0001:0004b3fc       ??__Eg_DownloadsMutex@@YAXXZ 000000018004c3fc f    CIL library: CIL module
 0001:0004b420       ??__Eg_CrossdomainPolicyMgr@@YAXXZ 000000018004c420 f    CIL library: CIL module
 0001:0004b530       ??__E?ms_WindowClass@ContextMenu@@0VContextMenuWindowClass@@B@@YAXXZ 000000018004c530 f    CIL library: CIL module
 0001:0004b5d4       ??__Eglobals@@YAXXZ        000000018004c5d4 f    CIL library: CIL module
 0001:0004b5f8       ??__Eg_InstanceCountMutex@@YAXXZ 000000018004c5f8 f    CIL library: CIL module
 0001:0004b61c       ??__Eg_DownloadsMutex@@YAXXZ 000000018004c61c f    CIL library: CIL module
 0001:0004b640       ??__E?m_SingletonMutex@PluginManager@@0VMutex@@A@@YAXXZ 000000018004c640 f    CIL library: CIL module
 0001:0004b664       ??__Es_Kernel32@?A0x39b84dca@@YAXXZ 000000018004c664 f    CIL library: CIL module
 0001:0004b670       ??__Es_GetTimeUS@?A0x39b84dca@@YAXXZ 000000018004c670 f    CIL library: CIL module
 0001:0004b6fc       ??__Eg_cpuInfo@@YAXXZ      000000018004c6fc f    CIL library: CIL module
 0001:0004b708       ??__Fg_Downloads@@YAXXZ    000000018004c708 f    CIL library: CIL module
 0001:0004b734       ??__Fg_DownloaderToStream@@YAXXZ 000000018004c734 f    CIL library: CIL module
 0001:0004b760       ??__Fg_DownloadsMutex@@YAXXZ 000000018004c760 f    CIL library: CIL module
 0001:0004b770       ??__Fg_CrossdomainPolicyMgr@@YAXXZ 000000018004c770 f    CIL library: CIL module
 0001:0004b778       ??__F?ms_WindowClass@ContextMenu@@0VContextMenuWindowClass@@B@@YAXXZ 000000018004c778 f    CIL library: CIL module
 0001:0004b7a0       ??__Fglobals@@YAXXZ        000000018004c7a0 f    CIL library: CIL module
 0001:0004b7b0       ??__Fg_InstanceCountMutex@@YAXXZ 000000018004c7b0 f    CIL library: CIL module
 0001:0004b7c0       ??__Fg_DownloadsMutex@@YAXXZ 000000018004c7c0 f    CIL library: CIL module
 0001:0004b7d0       ??__F?m_SingletonMutex@PluginManager@@0VMutex@@A@@YAXXZ 000000018004c7d0 f    CIL library: CIL module
 0001:0004b7e0       ??__Fs_Kernel32@?A0x39b84dca@@YAXXZ 000000018004c7e0 f    CIL library: CIL module
 0001:0004b7fc       ??__Fnomem@?5???2@YAPEAX_K@Z@YAXXZ 000000018004c7fc f   LIBCMT:new.obj
